[
  {"type":"KeywordDeclaration","value":"init"},
  {"type":"TextWhitespace","value":" "},
  {"type":"Punctuation","value":"{"},
  {"type":"TextWhitespace","value":"\n  "},
  {"type":"Name","value":"intercepted"},
  {"type":"Operator","value":"."},
  {"type":"NameAttribute","value":"key"},
  {"type":"TextWhitespace","value":" "},
  {"type":"Operator","value":"="},
  {"type":"TextWhitespace","value":" "},
  {"type":"Name","value":"data"},
  {"type":"Operator","value":"."},
  {"type":"NameAttribute","value":"key"},
  {"type":"TextWhitespace","value":"\n  "},
  {"type":"Name","value":"r"},
  {"type":"Operator","value":"."},
  {"type":"NameAttribute","value":"b"},
  {"type":"Punctuation","value":"["},
  {"type":"Name","value":"a"},
  {"type":"Punctuation","value":"]"},
  {"type":"TextWhitespace","value":" "},
  {"type":"Operator","value":"="},
  {"type":"TextWhitespace","value":" "},
  {"type":"Name","value":"a"},
  {"type":"TextWhitespace","value":" "},
  {"type":"Operator","value":"*"},
  {"type":"TextWhitespace","value":" "},
  {"type":"LiteralNumberInteger","value":"4"},
  {"type":"TextWhitespace","value":" "},
  {"type":"Operator","value":"+"},
  {"type":"TextWhitespace","value":" "},
  {"type":"LiteralNumberInteger","value":"7"},
  {"type":"Punctuation","value":";"},
  {"type":"TextWhitespace","value":"\n"},
  {"type":"Punctuation","value":"}"},
  {"type":"TextWhitespace","value":"\n"}
]
