[
  {"type":"LiteralNumberFloat","value":"1j"},
  {"type":"Text","value":"\n"},
  {"type":"LiteralNumberFloat","value":"1J"},
  {"type":"Text","value":"\n"},
  {"type":"LiteralNumberFloat","value":"0j"},
  {"type":"Text","value":"\n"},
  {"type":"LiteralNumberFloat","value":"01J"},
  {"type":"Text","value":"\n"},
  {"type":"LiteralNumberFloat","value":"1_000j"},
  {"type":"Text","value":"\n"},
  {"type":"LiteralNumberFloat","value":"1.2j"},
  {"type":"Text","value":"\n"},
  {"type":"LiteralNumberFloat","value":"1.2J"},
  {"type":"Text","value":"\n"},
  {"type":"LiteralNumberFloat","value":".5j"},
  {"type":"Text","value":"\n"},
  {"type":"LiteralNumberFloat","value":".5J"},
  {"type":"Text","value":"\n"},
  {"type":"LiteralNumberFloat","value":"10.j"},
  {"type":"Text","value":"\n"},
  {"type":"LiteralNumberFloat","value":"10.J"},
  {"type":"Text","value":"\n"},
  {"type":"LiteralNumberFloat","value":"1e2j"},
  {"type":"Text","value":"\n"},
  {"type":"LiteralNumberFloat","value":"1e2J"},
  {"type":"Text","value":"\n"},
  {"type":"LiteralNumberFloat","value":"1.2e-3j"},
  {"type":"Text","value":"\n"},
  {"type":"LiteralNumberFloat","value":"1.2e-3J"},
  {"type":"Text","value":"\n"},
  {"type":"LiteralNumberFloat","value":"1_2.3_4e+5_6J"},
  {"type":"Text","value":"\n"},
  {"type":"LiteralNumberInteger","value":"12"},
  {"type":"Text","value":"\n"},
  {"type":"LiteralNumberInteger","value":"1_000"},
  {"type":"Text","value":"\n"},
  {"type":"LiteralNumberFloat","value":"1.2"},
  {"type":"Text","value":"\n"},
  {"type":"LiteralNumberFloat","value":".5"},
  {"type":"Text","value":"\n"},
  {"type":"LiteralNumberFloat","value":"1e2"},
  {"type":"Text","value":"\n"},
  {"type":"LiteralNumberHex","value":"0x1"},
  {"type":"Text","value":"\n"},
  {"type":"LiteralNumberOct","value":"0o1"},
  {"type":"Text","value":"\n"},
  {"type":"LiteralNumberBin","value":"0b1"},
  {"type":"Text","value":"\n"},
  {"type":"Name","value":"j"},
  {"type":"Text","value":"\n"},
  {"type":"Name","value":"J"},
  {"type":"Text","value":"\n"}
]
