[
  {"type":"LiteralStringAffix","value":"f"},
  {"type":"LiteralStringDouble","value":"\"\"\"abc "},
  {"type":"LiteralStringInterpol","value":"{"},
  {"type":"Name","value":"a"},
  {"type":"Punctuation","value":"["},
  {"type":"LiteralStringDouble","value":"\"x\""},
  {"type":"Punctuation","value":"]"},
  {"type":"LiteralStringInterpol","value":"}"},
  {"type":"LiteralStringDouble","value":" def\"\"\""},
  {"type":"Text","value":"\n"}
]
