[
  {"type":"CommentSingle","value":"// Cedar policy language example"},
  {"type":"TextWhitespace","value":"\n\n"},
  {"type":"NameDecorator","value":"@id"},
  {"type":"Punctuation","value":"("},
  {"type":"LiteralString","value":"\"alice-view-photo\""},
  {"type":"Punctuation","value":")"},
  {"type":"TextWhitespace","value":"\n"},
  {"type":"NameDecorator","value":"@advice"},
  {"type":"Punctuation","value":"("},
  {"type":"LiteralString","value":"\"Alice may view her own vacation photo\""},
  {"type":"Punctuation","value":")"},
  {"type":"TextWhitespace","value":"\n"},
  {"type":"Keyword","value":"permit"},
  {"type":"TextWhitespace","value":" "},
  {"type":"Punctuation","value":"("},
  {"type":"TextWhitespace","value":"\n    "},
  {"type":"NameBuiltinPseudo","value":"principal"},
  {"type":"TextWhitespace","value":" "},
  {"type":"Operator","value":"=="},
  {"type":"TextWhitespace","value":" "},
  {"type":"NameClass","value":"User"},
  {"type":"Operator","value":"::"},
  {"type":"LiteralString","value":"\"alice\""},
  {"type":"Punctuation","value":","},
  {"type":"TextWhitespace","value":"\n    "},
  {"type":"NameBuiltinPseudo","value":"action"},
  {"type":"TextWhitespace","value":" "},
  {"type":"Operator","value":"=="},
  {"type":"TextWhitespace","value":" "},
  {"type":"NameClass","value":"Action"},
  {"type":"Operator","value":"::"},
  {"type":"LiteralString","value":"\"view\""},
  {"type":"Punctuation","value":","},
  {"type":"TextWhitespace","value":"\n    "},
  {"type":"NameBuiltinPseudo","value":"resource"},
  {"type":"TextWhitespace","value":" "},
  {"type":"Operator","value":"=="},
  {"type":"TextWhitespace","value":" "},
  {"type":"NameClass","value":"Photo"},
  {"type":"Operator","value":"::"},
  {"type":"LiteralString","value":"\"VacationPhoto94.jpg\""},
  {"type":"TextWhitespace","value":"\n"},
  {"type":"Punctuation","value":");"},
  {"type":"TextWhitespace","value":"\n\n"},
  {"type":"NameDecorator","value":"@id"},
  {"type":"Punctuation","value":"("},
  {"type":"LiteralString","value":"\"engineering-share\""},
  {"type":"Punctuation","value":")"},
  {"type":"TextWhitespace","value":"\n"},
  {"type":"Keyword","value":"permit"},
  {"type":"TextWhitespace","value":" "},
  {"type":"Punctuation","value":"("},
  {"type":"TextWhitespace","value":"\n    "},
  {"type":"NameBuiltinPseudo","value":"principal"},
  {"type":"TextWhitespace","value":" "},
  {"type":"Keyword","value":"is"},
  {"type":"TextWhitespace","value":" "},
  {"type":"NameClass","value":"User"},
  {"type":"TextWhitespace","value":" "},
  {"type":"Keyword","value":"in"},
  {"type":"TextWhitespace","value":" "},
  {"type":"NameClass","value":"Group"},
  {"type":"Operator","value":"::"},
  {"type":"LiteralString","value":"\"alice_friends\""},
  {"type":"Punctuation","value":","},
  {"type":"TextWhitespace","value":"\n    "},
  {"type":"NameBuiltinPseudo","value":"action"},
  {"type":"TextWhitespace","value":" "},
  {"type":"Keyword","value":"in"},
  {"type":"TextWhitespace","value":" "},
  {"type":"Punctuation","value":"["},
  {"type":"NameClass","value":"Action"},
  {"type":"Operator","value":"::"},
  {"type":"LiteralString","value":"\"listAlbums\""},
  {"type":"Punctuation","value":","},
  {"type":"TextWhitespace","value":" "},
  {"type":"NameClass","value":"Action"},
  {"type":"Operator","value":"::"},
  {"type":"LiteralString","value":"\"viewPhoto\""},
  {"type":"Punctuation","value":"],"},
  {"type":"TextWhitespace","value":"\n    "},
  {"type":"NameBuiltinPseudo","value":"resource"},
  {"type":"TextWhitespace","value":"\n"},
  {"type":"Punctuation","value":")"},
  {"type":"TextWhitespace","value":"\n"},
  {"type":"Keyword","value":"when"},
  {"type":"TextWhitespace","value":" "},
  {"type":"Punctuation","value":"{"},
  {"type":"TextWhitespace","value":"\n    "},
  {"type":"NameBuiltinPseudo","value":"principal"},
  {"type":"Punctuation","value":"."},
  {"type":"Name","value":"department"},
  {"type":"TextWhitespace","value":" "},
  {"type":"Operator","value":"=="},
  {"type":"TextWhitespace","value":" "},
  {"type":"LiteralString","value":"\"HardwareEngineering\""},
  {"type":"TextWhitespace","value":" "},
  {"type":"Operator","value":"\u0026\u0026"},
  {"type":"TextWhitespace","value":" "},
  {"type":"NameBuiltinPseudo","value":"principal"},
  {"type":"Punctuation","value":"."},
  {"type":"Name","value":"jobLevel"},
  {"type":"TextWhitespace","value":" "},
  {"type":"Operator","value":"\u003e="},
  {"type":"TextWhitespace","value":" "},
  {"type":"LiteralNumberInteger","value":"5"},
  {"type":"TextWhitespace","value":"\n"},
  {"type":"Punctuation","value":"};"},
  {"type":"TextWhitespace","value":"\n\n"},
  {"type":"Keyword","value":"forbid"},
  {"type":"TextWhitespace","value":" "},
  {"type":"Punctuation","value":"("},
  {"type":"TextWhitespace","value":"\n    "},
  {"type":"NameBuiltinPseudo","value":"principal"},
  {"type":"Punctuation","value":","},
  {"type":"TextWhitespace","value":"\n    "},
  {"type":"NameBuiltinPseudo","value":"action"},
  {"type":"Punctuation","value":","},
  {"type":"TextWhitespace","value":"\n    "},
  {"type":"NameBuiltinPseudo","value":"resource"},
  {"type":"TextWhitespace","value":"\n"},
  {"type":"Punctuation","value":")"},
  {"type":"TextWhitespace","value":"\n"},
  {"type":"Keyword","value":"when"},
  {"type":"TextWhitespace","value":" "},
  {"type":"Punctuation","value":"{"},
  {"type":"TextWhitespace","value":"\n    "},
  {"type":"NameBuiltinPseudo","value":"resource"},
  {"type":"Punctuation","value":"."},
  {"type":"Name","value":"private"},
  {"type":"TextWhitespace","value":"\n"},
  {"type":"Punctuation","value":"}"},
  {"type":"TextWhitespace","value":"\n"},
  {"type":"Keyword","value":"unless"},
  {"type":"TextWhitespace","value":" "},
  {"type":"Punctuation","value":"{"},
  {"type":"TextWhitespace","value":"\n    "},
  {"type":"NameBuiltinPseudo","value":"principal"},
  {"type":"TextWhitespace","value":" "},
  {"type":"Operator","value":"=="},
  {"type":"TextWhitespace","value":" "},
  {"type":"NameBuiltinPseudo","value":"resource"},
  {"type":"Punctuation","value":"."},
  {"type":"Name","value":"owner"},
  {"type":"TextWhitespace","value":"\n"},
  {"type":"Punctuation","value":"};"},
  {"type":"TextWhitespace","value":"\n\n"},
  {"type":"Keyword","value":"permit"},
  {"type":"TextWhitespace","value":" "},
  {"type":"Punctuation","value":"("},
  {"type":"TextWhitespace","value":"\n    "},
  {"type":"NameBuiltinPseudo","value":"principal"},
  {"type":"Punctuation","value":","},
  {"type":"TextWhitespace","value":"\n    "},
  {"type":"NameBuiltinPseudo","value":"action"},
  {"type":"TextWhitespace","value":" "},
  {"type":"Operator","value":"=="},
  {"type":"TextWhitespace","value":" "},
  {"type":"NameClass","value":"Action"},
  {"type":"Operator","value":"::"},
  {"type":"LiteralString","value":"\"editPhoto\""},
  {"type":"Punctuation","value":","},
  {"type":"TextWhitespace","value":"\n    "},
  {"type":"NameBuiltinPseudo","value":"resource"},
  {"type":"TextWhitespace","value":"\n"},
  {"type":"Punctuation","value":")"},
  {"type":"TextWhitespace","value":"\n"},
  {"type":"Keyword","value":"when"},
  {"type":"TextWhitespace","value":" "},
  {"type":"Punctuation","value":"{"},
  {"type":"TextWhitespace","value":"\n    "},
  {"type":"NameBuiltinPseudo","value":"resource"},
  {"type":"Punctuation","value":"."},
  {"type":"Keyword","value":"has"},
  {"type":"Punctuation","value":"("},
  {"type":"LiteralString","value":"\"owner\""},
  {"type":"Punctuation","value":")"},
  {"type":"TextWhitespace","value":" "},
  {"type":"Operator","value":"\u0026\u0026"},
  {"type":"TextWhitespace","value":"\n    "},
  {"type":"NameBuiltinPseudo","value":"resource"},
  {"type":"Punctuation","value":"."},
  {"type":"Name","value":"owner"},
  {"type":"TextWhitespace","value":" "},
  {"type":"Operator","value":"=="},
  {"type":"TextWhitespace","value":" "},
  {"type":"NameBuiltinPseudo","value":"principal"},
  {"type":"TextWhitespace","value":" "},
  {"type":"Operator","value":"\u0026\u0026"},
  {"type":"TextWhitespace","value":"\n    "},
  {"type":"Operator","value":"!"},
  {"type":"NameBuiltinPseudo","value":"resource"},
  {"type":"Punctuation","value":"."},
  {"type":"Name","value":"tags"},
  {"type":"Punctuation","value":"."},
  {"type":"NameFunction","value":"contains"},
  {"type":"Punctuation","value":"("},
  {"type":"LiteralString","value":"\"locked\""},
  {"type":"Punctuation","value":")"},
  {"type":"TextWhitespace","value":" "},
  {"type":"Operator","value":"\u0026\u0026"},
  {"type":"TextWhitespace","value":"\n    "},
  {"type":"NameBuiltinPseudo","value":"resource"},
  {"type":"Punctuation","value":"."},
  {"type":"Name","value":"name"},
  {"type":"TextWhitespace","value":" "},
  {"type":"Keyword","value":"like"},
  {"type":"TextWhitespace","value":" "},
  {"type":"LiteralString","value":"\"*.jpg\""},
  {"type":"TextWhitespace","value":" "},
  {"type":"Operator","value":"\u0026\u0026"},
  {"type":"TextWhitespace","value":"\n    "},
  {"type":"NameBuiltinPseudo","value":"principal"},
  {"type":"Punctuation","value":"."},
  {"type":"Name","value":"age"},
  {"type":"TextWhitespace","value":" "},
  {"type":"Operator","value":"\u003e"},
  {"type":"TextWhitespace","value":" "},
  {"type":"Operator","value":"-"},
  {"type":"LiteralNumberInteger","value":"1"},
  {"type":"TextWhitespace","value":" "},
  {"type":"Operator","value":"\u0026\u0026"},
  {"type":"TextWhitespace","value":"\n    "},
  {"type":"NameBuiltinPseudo","value":"context"},
  {"type":"Punctuation","value":"."},
  {"type":"Name","value":"ip_addr"},
  {"type":"Punctuation","value":"."},
  {"type":"NameFunction","value":"isInRange"},
  {"type":"Punctuation","value":"("},
  {"type":"NameFunction","value":"ip"},
  {"type":"Punctuation","value":"("},
  {"type":"LiteralString","value":"\"10.0.0.0/8\""},
  {"type":"Punctuation","value":"))"},
  {"type":"TextWhitespace","value":" "},
  {"type":"Operator","value":"\u0026\u0026"},
  {"type":"TextWhitespace","value":"\n    "},
  {"type":"NameBuiltinPseudo","value":"context"},
  {"type":"Punctuation","value":"."},
  {"type":"Name","value":"request_time"},
  {"type":"Punctuation","value":"."},
  {"type":"Name","value":"value"},
  {"type":"TextWhitespace","value":" "},
  {"type":"Operator","value":"\u003c"},
  {"type":"TextWhitespace","value":" "},
  {"type":"NameFunction","value":"datetime"},
  {"type":"Punctuation","value":"("},
  {"type":"LiteralString","value":"\"2026-01-01T00:00:00Z\""},
  {"type":"Punctuation","value":")"},
  {"type":"TextWhitespace","value":" "},
  {"type":"Operator","value":"\u0026\u0026"},
  {"type":"TextWhitespace","value":"\n    "},
  {"type":"NameBuiltinPseudo","value":"context"},
  {"type":"Punctuation","value":"."},
  {"type":"Name","value":"balance"},
  {"type":"TextWhitespace","value":" "},
  {"type":"Operator","value":"=="},
  {"type":"TextWhitespace","value":" "},
  {"type":"NameFunction","value":"decimal"},
  {"type":"Punctuation","value":"("},
  {"type":"LiteralString","value":"\"10.5\""},
  {"type":"Punctuation","value":")"},
  {"type":"TextWhitespace","value":" "},
  {"type":"Operator","value":"\u0026\u0026"},
  {"type":"TextWhitespace","value":"\n    "},
  {"type":"NameBuiltinPseudo","value":"context"},
  {"type":"Punctuation","value":"."},
  {"type":"Name","value":"timeout"},
  {"type":"TextWhitespace","value":" "},
  {"type":"Operator","value":"=="},
  {"type":"TextWhitespace","value":" "},
  {"type":"NameFunction","value":"duration"},
  {"type":"Punctuation","value":"("},
  {"type":"LiteralString","value":"\"5m30s\""},
  {"type":"Punctuation","value":")"},
  {"type":"TextWhitespace","value":"\n"},
  {"type":"Punctuation","value":"};"},
  {"type":"TextWhitespace","value":"\n\n"},
  {"type":"Keyword","value":"permit"},
  {"type":"TextWhitespace","value":" "},
  {"type":"Punctuation","value":"("},
  {"type":"TextWhitespace","value":"\n    "},
  {"type":"NameBuiltinPseudo","value":"principal"},
  {"type":"TextWhitespace","value":" "},
  {"type":"Keyword","value":"in"},
  {"type":"TextWhitespace","value":" "},
  {"type":"NameVariable","value":"?principal"},
  {"type":"Punctuation","value":","},
  {"type":"TextWhitespace","value":"\n    "},
  {"type":"NameBuiltinPseudo","value":"action"},
  {"type":"Punctuation","value":","},
  {"type":"TextWhitespace","value":"\n    "},
  {"type":"NameBuiltinPseudo","value":"resource"},
  {"type":"TextWhitespace","value":" "},
  {"type":"Keyword","value":"in"},
  {"type":"TextWhitespace","value":" "},
  {"type":"NameVariable","value":"?resource"},
  {"type":"TextWhitespace","value":"\n"},
  {"type":"Punctuation","value":");"},
  {"type":"TextWhitespace","value":"\n\n"},
  {"type":"Keyword","value":"permit"},
  {"type":"TextWhitespace","value":" "},
  {"type":"Punctuation","value":"("},
  {"type":"TextWhitespace","value":"\n    "},
  {"type":"NameBuiltinPseudo","value":"principal"},
  {"type":"Punctuation","value":","},
  {"type":"TextWhitespace","value":"\n    "},
  {"type":"NameBuiltinPseudo","value":"action"},
  {"type":"Punctuation","value":","},
  {"type":"TextWhitespace","value":"\n    "},
  {"type":"NameBuiltinPseudo","value":"resource"},
  {"type":"TextWhitespace","value":"\n"},
  {"type":"Punctuation","value":")"},
  {"type":"TextWhitespace","value":"\n"},
  {"type":"Keyword","value":"when"},
  {"type":"TextWhitespace","value":" "},
  {"type":"Punctuation","value":"{"},
  {"type":"TextWhitespace","value":"\n    "},
  {"type":"Punctuation","value":"{"},
  {"type":"Name","value":"name"},
  {"type":"Punctuation","value":":"},
  {"type":"TextWhitespace","value":" "},
  {"type":"LiteralString","value":"\"alice\""},
  {"type":"Punctuation","value":","},
  {"type":"TextWhitespace","value":" "},
  {"type":"Name","value":"age"},
  {"type":"Punctuation","value":":"},
  {"type":"TextWhitespace","value":" "},
  {"type":"LiteralNumberInteger","value":"30"},
  {"type":"Punctuation","value":"}."},
  {"type":"Name","value":"name"},
  {"type":"TextWhitespace","value":" "},
  {"type":"Operator","value":"=="},
  {"type":"TextWhitespace","value":" "},
  {"type":"NameBuiltinPseudo","value":"principal"},
  {"type":"Punctuation","value":"."},
  {"type":"Name","value":"name"},
  {"type":"TextWhitespace","value":" "},
  {"type":"Operator","value":"\u0026\u0026"},
  {"type":"TextWhitespace","value":"\n    "},
  {"type":"Punctuation","value":"["},
  {"type":"LiteralNumberInteger","value":"1"},
  {"type":"Punctuation","value":","},
  {"type":"TextWhitespace","value":" "},
  {"type":"LiteralNumberInteger","value":"2"},
  {"type":"Punctuation","value":","},
  {"type":"TextWhitespace","value":" "},
  {"type":"LiteralNumberInteger","value":"3"},
  {"type":"Punctuation","value":"]."},
  {"type":"NameFunction","value":"containsAll"},
  {"type":"Punctuation","value":"(["},
  {"type":"LiteralNumberInteger","value":"1"},
  {"type":"Punctuation","value":","},
  {"type":"TextWhitespace","value":" "},
  {"type":"LiteralNumberInteger","value":"2"},
  {"type":"Punctuation","value":"])"},
  {"type":"TextWhitespace","value":"\n"},
  {"type":"Punctuation","value":"};"},
  {"type":"TextWhitespace","value":"\n"}
]
