[
  {"type":"CommentMultiline","value":"/* Sample dafny code /* nested */ */"},
  {"type":"Text","value":"\n"},
  {"type":"KeywordConstant","value":"method"},
  {"type":"Text","value":" "},
  {"type":"NameOther","value":"Fib"},
  {"type":"Punctuation","value":"("},
  {"type":"NameOther","value":"n"},
  {"type":"Punctuation","value":":"},
  {"type":"Text","value":" "},
  {"type":"KeywordConstant","value":"int"},
  {"type":"Punctuation","value":")"},
  {"type":"Text","value":" "},
  {"type":"KeywordConstant","value":"returns"},
  {"type":"Text","value":" "},
  {"type":"Punctuation","value":"("},
  {"type":"NameOther","value":"b"},
  {"type":"Punctuation","value":":"},
  {"type":"Text","value":" "},
  {"type":"KeywordConstant","value":"nat"},
  {"type":"Punctuation","value":")"},
  {"type":"Text","value":"\n    "},
  {"type":"KeywordConstant","value":"requires"},
  {"type":"Text","value":" "},
  {"type":"NameOther","value":"n"},
  {"type":"Text","value":" "},
  {"type":"Operator","value":"\u003e="},
  {"type":"Text","value":" "},
  {"type":"NameOther","value":"0"},
  {"type":"Text","value":"\n    "},
  {"type":"KeywordConstant","value":"ensures"},
  {"type":"Text","value":" "},
  {"type":"NameOther","value":"b"},
  {"type":"Text","value":" "},
  {"type":"Operator","value":"=="},
  {"type":"Text","value":" "},
  {"type":"NameOther","value":"fib"},
  {"type":"Punctuation","value":"("},
  {"type":"NameOther","value":"n"},
  {"type":"Punctuation","value":")"},
  {"type":"Text","value":"\n"},
  {"type":"Punctuation","value":"{"},
  {"type":"Text","value":"\n    "},
  {"type":"CommentSingle","value":"// Change the method body to instead use c as described.\n"},
  {"type":"Text","value":"    "},
  {"type":"CommentSingle","value":"// You will need to change both the initialization and the loop.\n"},
  {"type":"Text","value":"    "},
  {"type":"KeywordConstant","value":"if"},
  {"type":"Text","value":" "},
  {"type":"NameOther","value":"n"},
  {"type":"Text","value":" "},
  {"type":"Operator","value":"=="},
  {"type":"Text","value":" "},
  {"type":"NameOther","value":"0"},
  {"type":"Text","value":" "},
  {"type":"Punctuation","value":"{"},
  {"type":"Text","value":" "},
  {"type":"KeywordConstant","value":"return"},
  {"type":"Text","value":" "},
  {"type":"NameOther","value":"0"},
  {"type":"Punctuation","value":";"},
  {"type":"Text","value":" "},
  {"type":"Punctuation","value":"}"},
  {"type":"Text","value":"\n    "},
  {"type":"KeywordConstant","value":"var"},
  {"type":"Text","value":" "},
  {"type":"NameOther","value":"i"},
  {"type":"Punctuation","value":":"},
  {"type":"Text","value":" "},
  {"type":"KeywordConstant","value":"int"},
  {"type":"Text","value":" "},
  {"type":"Operator","value":":="},
  {"type":"Text","value":" "},
  {"type":"NameOther","value":"1"},
  {"type":"Punctuation","value":";"},
  {"type":"Text","value":"\n    "},
  {"type":"KeywordConstant","value":"var"},
  {"type":"Text","value":" "},
  {"type":"NameOther","value":"c"},
  {"type":"Text","value":" "},
  {"type":"Operator","value":":="},
  {"type":"Text","value":" "},
  {"type":"NameOther","value":"1"},
  {"type":"Punctuation","value":";"},
  {"type":"Text","value":"\n        "},
  {"type":"NameOther","value":"b"},
  {"type":"Text","value":" "},
  {"type":"Operator","value":":="},
  {"type":"Text","value":" "},
  {"type":"NameOther","value":"1"},
  {"type":"Punctuation","value":";"},
  {"type":"Text","value":"\n    "},
  {"type":"KeywordConstant","value":"while"},
  {"type":"Text","value":" "},
  {"type":"NameOther","value":"i"},
  {"type":"Text","value":" "},
  {"type":"Operator","value":"\u003c"},
  {"type":"Text","value":" "},
  {"type":"NameOther","value":"n"},
  {"type":"Text","value":"\n        "},
  {"type":"KeywordConstant","value":"invariant"},
  {"type":"Text","value":" "},
  {"type":"NameOther","value":"0"},
  {"type":"Text","value":" "},
  {"type":"Operator","value":"\u003c"},
  {"type":"Text","value":" "},
  {"type":"NameOther","value":"i"},
  {"type":"Text","value":" "},
  {"type":"Operator","value":"\u003c"},
  {"type":"Punctuation","value":"="},
  {"type":"Text","value":" "},
  {"type":"NameOther","value":"n"},
  {"type":"Text","value":"\n        "},
  {"type":"KeywordConstant","value":"invariant"},
  {"type":"Text","value":" "},
  {"type":"NameOther","value":"b"},
  {"type":"Text","value":" "},
  {"type":"Operator","value":"=="},
  {"type":"Text","value":" "},
  {"type":"NameOther","value":"fib"},
  {"type":"Punctuation","value":"("},
  {"type":"NameOther","value":"i"},
  {"type":"Punctuation","value":")"},
  {"type":"Text","value":"\n        "},
  {"type":"KeywordConstant","value":"invariant"},
  {"type":"Text","value":" "},
  {"type":"NameOther","value":"c"},
  {"type":"Text","value":" "},
  {"type":"Operator","value":"=="},
  {"type":"Text","value":" "},
  {"type":"NameOther","value":"fib"},
  {"type":"Punctuation","value":"("},
  {"type":"NameOther","value":"i"},
  {"type":"Text","value":" "},
  {"type":"Operator","value":"+"},
  {"type":"Text","value":" "},
  {"type":"NameOther","value":"1"},
  {"type":"Punctuation","value":")"},
  {"type":"Text","value":"\n    "},
  {"type":"Punctuation","value":"{"},
  {"type":"Text","value":"\n        "},
  {"type":"NameOther","value":"b"},
  {"type":"Punctuation","value":","},
  {"type":"Text","value":" "},
  {"type":"NameOther","value":"c"},
  {"type":"Text","value":" "},
  {"type":"Operator","value":":="},
  {"type":"Text","value":" "},
  {"type":"NameOther","value":"c"},
  {"type":"Punctuation","value":","},
  {"type":"Text","value":" "},
  {"type":"NameOther","value":"b"},
  {"type":"Text","value":" "},
  {"type":"Operator","value":"+"},
  {"type":"Text","value":" "},
  {"type":"NameOther","value":"c"},
  {"type":"Punctuation","value":";"},
  {"type":"Text","value":"\n        "},
  {"type":"NameOther","value":"i"},
  {"type":"Text","value":" "},
  {"type":"Operator","value":":="},
  {"type":"Text","value":" "},
  {"type":"NameOther","value":"i"},
  {"type":"Text","value":" "},
  {"type":"Operator","value":"+"},
  {"type":"Text","value":" "},
  {"type":"NameOther","value":"1"},
  {"type":"Punctuation","value":";"},
  {"type":"Text","value":"\n    "},
  {"type":"Punctuation","value":"}"},
  {"type":"Text","value":"\n"},
  {"type":"Punctuation","value":"}"},
  {"type":"Text","value":"\n"}
]
