[
  {"type":"CommentSingle","value":"// SPDX-License-Identifier: GPL-2.0-or-later OR MIT\n"},
  {"type":"CommentPreproc","value":"/dts-v1/"},
  {"type":"Punctuation","value":";"},
  {"type":"TextWhitespace","value":"\n\n"},
  {"type":"CommentMultiline","value":"/* Bootloader installs ATF here */"},
  {"type":"TextWhitespace","value":"\n"},
  {"type":"CommentPreproc","value":"/memreserve/"},
  {"type":"TextWhitespace","value":" "},
  {"type":"LiteralNumberHex","value":"0x80000000"},
  {"type":"TextWhitespace","value":" "},
  {"type":"LiteralNumberHex","value":"0x200000"},
  {"type":"Punctuation","value":";"},
  {"type":"TextWhitespace","value":"\n\n"},
  {"type":"CommentPreproc","value":"#include"},
  {"type":"CommentMultiline","value":" "},
  {"type":"CommentPreprocFile","value":"\u003cdt-bindings/leds/common.h\u003e"},
  {"type":"TextWhitespace","value":"\n"},
  {"type":"CommentPreproc","value":"#include"},
  {"type":"CommentMultiline","value":" "},
  {"type":"CommentPreprocFile","value":"\u003cdt-bindings/gpio/gpio.h\u003e"},
  {"type":"TextWhitespace","value":"\n"},
  {"type":"CommentPreproc","value":"#include"},
  {"type":"CommentMultiline","value":" "},
  {"type":"CommentPreprocFile","value":"\u003cdt-bindings/input/input.h\u003e"},
  {"type":"TextWhitespace","value":"\n"},
  {"type":"CommentPreproc","value":"#include"},
  {"type":"CommentMultiline","value":" "},
  {"type":"CommentPreprocFile","value":"\"en7523.dtsi\""},
  {"type":"TextWhitespace","value":"\n\n"},
  {"type":"NameFunction","value":"/"},
  {"type":"CommentMultiline","value":" "},
  {"type":"Punctuation","value":"{"},
  {"type":"TextWhitespace","value":"\n\t"},
  {"type":"NameAttribute","value":"model"},
  {"type":"TextWhitespace","value":" "},
  {"type":"Operator","value":"="},
  {"type":"TextWhitespace","value":" "},
  {"type":"LiteralString","value":"\"TP-Link xx230v\""},
  {"type":"Punctuation","value":";"},
  {"type":"TextWhitespace","value":"\n\t"},
  {"type":"NameAttribute","value":"compatible"},
  {"type":"TextWhitespace","value":" "},
  {"type":"Operator","value":"="},
  {"type":"TextWhitespace","value":" "},
  {"type":"LiteralString","value":"\"tplink,xx230v\""},
  {"type":"Punctuation","value":","},
  {"type":"TextWhitespace","value":" "},
  {"type":"LiteralString","value":"\"airoha,en7523\""},
  {"type":"Punctuation","value":";"},
  {"type":"TextWhitespace","value":"\n\n\t"},
  {"type":"NameFunction","value":"chosen"},
  {"type":"CommentMultiline","value":" "},
  {"type":"Punctuation","value":"{"},
  {"type":"TextWhitespace","value":"\n\t\t"},
  {"type":"NameAttribute","value":"bootargs"},
  {"type":"TextWhitespace","value":" "},
  {"type":"Operator","value":"="},
  {"type":"TextWhitespace","value":" "},
  {"type":"LiteralString","value":"\"console=ttyS0,115200 earlycon\""},
  {"type":"Punctuation","value":";"},
  {"type":"TextWhitespace","value":"\n\t\t"},
  {"type":"NameAttribute","value":"stdout-path"},
  {"type":"TextWhitespace","value":" "},
  {"type":"Operator","value":"="},
  {"type":"TextWhitespace","value":" "},
  {"type":"LiteralString","value":"\"serial0:115200n8\""},
  {"type":"Punctuation","value":";"},
  {"type":"TextWhitespace","value":"\n\t"},
  {"type":"Punctuation","value":"};"},
  {"type":"TextWhitespace","value":"\n\n\t"},
  {"type":"NameFunction","value":"aliases"},
  {"type":"CommentMultiline","value":" "},
  {"type":"Punctuation","value":"{"},
  {"type":"TextWhitespace","value":"\n\t\t"},
  {"type":"NameAttribute","value":"serial0"},
  {"type":"TextWhitespace","value":" "},
  {"type":"Operator","value":"="},
  {"type":"TextWhitespace","value":" "},
  {"type":"NameLabel","value":"\u0026uart1"},
  {"type":"Punctuation","value":";"},
  {"type":"TextWhitespace","value":"\n\t\t"},
  {"type":"NameAttribute","value":"led-boot"},
  {"type":"TextWhitespace","value":" "},
  {"type":"Operator","value":"="},
  {"type":"TextWhitespace","value":" "},
  {"type":"NameLabel","value":"\u0026led_power"},
  {"type":"Punctuation","value":";"},
  {"type":"TextWhitespace","value":"\n\t\t"},
  {"type":"NameAttribute","value":"led-failsafe"},
  {"type":"TextWhitespace","value":" "},
  {"type":"Operator","value":"="},
  {"type":"TextWhitespace","value":" "},
  {"type":"NameLabel","value":"\u0026led_power"},
  {"type":"Punctuation","value":";"},
  {"type":"TextWhitespace","value":"\n\t\t"},
  {"type":"NameAttribute","value":"led-upgrade"},
  {"type":"TextWhitespace","value":" "},
  {"type":"Operator","value":"="},
  {"type":"TextWhitespace","value":" "},
  {"type":"NameLabel","value":"\u0026led_power"},
  {"type":"Punctuation","value":";"},
  {"type":"TextWhitespace","value":"\n\t\t"},
  {"type":"NameAttribute","value":"led-running"},
  {"type":"TextWhitespace","value":" "},
  {"type":"Operator","value":"="},
  {"type":"TextWhitespace","value":" "},
  {"type":"NameLabel","value":"\u0026led_power"},
  {"type":"Punctuation","value":";"},
  {"type":"TextWhitespace","value":"\n\t"},
  {"type":"Punctuation","value":"};"},
  {"type":"TextWhitespace","value":"\n\n\t"},
  {"type":"NameFunction","value":"memory"},
  {"type":"Operator","value":"@"},
  {"type":"LiteralNumberInteger","value":"80000000"},
  {"type":"CommentMultiline","value":" "},
  {"type":"Punctuation","value":"{"},
  {"type":"TextWhitespace","value":"\n\t\t"},
  {"type":"NameAttribute","value":"device_type"},
  {"type":"TextWhitespace","value":" "},
  {"type":"Operator","value":"="},
  {"type":"TextWhitespace","value":" "},
  {"type":"LiteralString","value":"\"memory\""},
  {"type":"Punctuation","value":";"},
  {"type":"TextWhitespace","value":"\n\t\t"},
  {"type":"NameAttribute","value":"reg"},
  {"type":"TextWhitespace","value":" "},
  {"type":"Operator","value":"="},
  {"type":"TextWhitespace","value":" "},
  {"type":"Operator","value":"\u003c"},
  {"type":"LiteralNumberHex","value":"0x80000000"},
  {"type":"TextWhitespace","value":" "},
  {"type":"LiteralNumberHex","value":"0x40000000"},
  {"type":"Operator","value":"\u003e"},
  {"type":"Punctuation","value":";"},
  {"type":"TextWhitespace","value":"\n\t"},
  {"type":"Punctuation","value":"};"},
  {"type":"TextWhitespace","value":"\n\n\t"},
  {"type":"NameFunction","value":"keys"},
  {"type":"CommentMultiline","value":" "},
  {"type":"Punctuation","value":"{"},
  {"type":"TextWhitespace","value":"\n\t\t"},
  {"type":"CommentSingle","value":"// compatible = \"gpio-keys\";\n"},
  {"type":"TextWhitespace","value":"\t\t"},
  {"type":"NameAttribute","value":"compatible"},
  {"type":"TextWhitespace","value":" "},
  {"type":"Operator","value":"="},
  {"type":"TextWhitespace","value":" "},
  {"type":"LiteralString","value":"\"gpio-keys-polled\""},
  {"type":"Punctuation","value":";"},
  {"type":"TextWhitespace","value":"\n\t\t"},
  {"type":"NameAttribute","value":"poll-interval"},
  {"type":"TextWhitespace","value":" "},
  {"type":"Operator","value":"="},
  {"type":"TextWhitespace","value":" "},
  {"type":"Operator","value":"\u003c"},
  {"type":"LiteralNumberInteger","value":"100"},
  {"type":"Operator","value":"\u003e"},
  {"type":"Punctuation","value":";"},
  {"type":"TextWhitespace","value":"\n\n\t\t"},
  {"type":"NameFunction","value":"reset"},
  {"type":"CommentMultiline","value":" "},
  {"type":"Punctuation","value":"{"},
  {"type":"TextWhitespace","value":"\n\t\t\t"},
  {"type":"NameAttribute","value":"label"},
  {"type":"TextWhitespace","value":" "},
  {"type":"Operator","value":"="},
  {"type":"TextWhitespace","value":" "},
  {"type":"LiteralString","value":"\"reset\""},
  {"type":"Punctuation","value":";"},
  {"type":"TextWhitespace","value":"\n\t\t\t"},
  {"type":"NameAttribute","value":"linux"},
  {"type":"Punctuation","value":","},
  {"type":"NameAttribute","value":"code"},
  {"type":"TextWhitespace","value":" "},
  {"type":"Operator","value":"="},
  {"type":"TextWhitespace","value":" "},
  {"type":"Operator","value":"\u003c"},
  {"type":"Name","value":"KEY_RESTART"},
  {"type":"Operator","value":"\u003e"},
  {"type":"Punctuation","value":";"},
  {"type":"TextWhitespace","value":"\n\t\t\t"},
  {"type":"NameAttribute","value":"gpios"},
  {"type":"TextWhitespace","value":" "},
  {"type":"Operator","value":"="},
  {"type":"TextWhitespace","value":" "},
  {"type":"Operator","value":"\u003c"},
  {"type":"NameLabel","value":"\u0026gpio0"},
  {"type":"TextWhitespace","value":" "},
  {"type":"LiteralNumberInteger","value":"0"},
  {"type":"TextWhitespace","value":" "},
  {"type":"Name","value":"GPIO_ACTIVE_LOW"},
  {"type":"Operator","value":"\u003e"},
  {"type":"Punctuation","value":";"},
  {"type":"TextWhitespace","value":"\n\t\t\t"},
  {"type":"NameAttribute","value":"debounce-interval"},
  {"type":"TextWhitespace","value":" "},
  {"type":"Operator","value":"="},
  {"type":"TextWhitespace","value":" "},
  {"type":"Operator","value":"\u003c"},
  {"type":"LiteralNumberInteger","value":"60"},
  {"type":"Operator","value":"\u003e"},
  {"type":"Punctuation","value":";"},
  {"type":"TextWhitespace","value":"\n\t\t"},
  {"type":"Punctuation","value":"};"},
  {"type":"TextWhitespace","value":"\n\n\t\t"},
  {"type":"NameFunction","value":"wps"},
  {"type":"CommentMultiline","value":" "},
  {"type":"Punctuation","value":"{"},
  {"type":"TextWhitespace","value":"\n\t\t\t"},
  {"type":"NameAttribute","value":"label"},
  {"type":"TextWhitespace","value":" "},
  {"type":"Operator","value":"="},
  {"type":"TextWhitespace","value":" "},
  {"type":"LiteralString","value":"\"wps\""},
  {"type":"Punctuation","value":";"},
  {"type":"TextWhitespace","value":"\n\t\t\t"},
  {"type":"NameAttribute","value":"linux"},
  {"type":"Punctuation","value":","},
  {"type":"NameAttribute","value":"code"},
  {"type":"TextWhitespace","value":" "},
  {"type":"Operator","value":"="},
  {"type":"TextWhitespace","value":" "},
  {"type":"Operator","value":"\u003c"},
  {"type":"Name","value":"KEY_WPS_BUTTON"},
  {"type":"Operator","value":"\u003e"},
  {"type":"Punctuation","value":";"},
  {"type":"TextWhitespace","value":"\n\t\t\t"},
  {"type":"NameAttribute","value":"gpios"},
  {"type":"TextWhitespace","value":" "},
  {"type":"Operator","value":"="},
  {"type":"TextWhitespace","value":" "},
  {"type":"Operator","value":"\u003c"},
  {"type":"NameLabel","value":"\u0026gpio0"},
  {"type":"TextWhitespace","value":" "},
  {"type":"LiteralNumberInteger","value":"7"},
  {"type":"TextWhitespace","value":" "},
  {"type":"Name","value":"GPIO_ACTIVE_LOW"},
  {"type":"Operator","value":"\u003e"},
  {"type":"Punctuation","value":";"},
  {"type":"TextWhitespace","value":"\n\t\t\t"},
  {"type":"NameAttribute","value":"debounce-interval"},
  {"type":"TextWhitespace","value":" "},
  {"type":"Operator","value":"="},
  {"type":"TextWhitespace","value":" "},
  {"type":"Operator","value":"\u003c"},
  {"type":"LiteralNumberInteger","value":"60"},
  {"type":"Operator","value":"\u003e"},
  {"type":"Punctuation","value":";"},
  {"type":"TextWhitespace","value":"\n\t\t"},
  {"type":"Punctuation","value":"};"},
  {"type":"TextWhitespace","value":"\n\t"},
  {"type":"Punctuation","value":"};"},
  {"type":"TextWhitespace","value":"\n\n\t"},
  {"type":"NameFunction","value":"leds"},
  {"type":"CommentMultiline","value":" "},
  {"type":"Punctuation","value":"{"},
  {"type":"TextWhitespace","value":"\n\t\t"},
  {"type":"NameAttribute","value":"compatible"},
  {"type":"TextWhitespace","value":" "},
  {"type":"Operator","value":"="},
  {"type":"TextWhitespace","value":" "},
  {"type":"LiteralString","value":"\"gpio-leds\""},
  {"type":"Punctuation","value":";"},
  {"type":"TextWhitespace","value":"\n\n\t\t"},
  {"type":"CommentSingle","value":"// Power\n"},
  {"type":"TextWhitespace","value":"\t\t"},
  {"type":"NameLabel","value":"led_power"},
  {"type":"Punctuation","value":":"},
  {"type":"TextWhitespace","value":" "},
  {"type":"NameFunction","value":"led"},
  {"type":"Operator","value":"@"},
  {"type":"LiteralNumberInteger","value":"0"},
  {"type":"CommentMultiline","value":" "},
  {"type":"Punctuation","value":"{"},
  {"type":"TextWhitespace","value":"\n\t\t\t"},
  {"type":"NameAttribute","value":"color"},
  {"type":"TextWhitespace","value":" "},
  {"type":"Operator","value":"="},
  {"type":"TextWhitespace","value":" "},
  {"type":"Operator","value":"\u003c"},
  {"type":"Name","value":"LED_COLOR_ID_GREEN"},
  {"type":"Operator","value":"\u003e"},
  {"type":"Punctuation","value":";"},
  {"type":"TextWhitespace","value":"\n\t\t\t"},
  {"type":"NameAttribute","value":"function"},
  {"type":"TextWhitespace","value":" "},
  {"type":"Operator","value":"="},
  {"type":"TextWhitespace","value":" "},
  {"type":"NameAttribute","value":"LED_FUNCTION_STATUS"},
  {"type":"Punctuation","value":";"},
  {"type":"TextWhitespace","value":"\n\t\t\t"},
  {"type":"NameAttribute","value":"function-enumerator"},
  {"type":"TextWhitespace","value":" "},
  {"type":"Operator","value":"="},
  {"type":"TextWhitespace","value":" "},
  {"type":"Operator","value":"\u003c"},
  {"type":"LiteralNumberInteger","value":"0"},
  {"type":"Operator","value":"\u003e"},
  {"type":"Punctuation","value":";"},
  {"type":"TextWhitespace","value":"\n\t\t\t"},
  {"type":"NameAttribute","value":"gpios"},
  {"type":"TextWhitespace","value":" "},
  {"type":"Operator","value":"="},
  {"type":"TextWhitespace","value":" "},
  {"type":"Operator","value":"\u003c"},
  {"type":"NameLabel","value":"\u0026gpio0"},
  {"type":"TextWhitespace","value":" "},
  {"type":"LiteralNumberInteger","value":"11"},
  {"type":"TextWhitespace","value":" "},
  {"type":"Name","value":"GPIO_ACTIVE_LOW"},
  {"type":"Operator","value":"\u003e"},
  {"type":"Punctuation","value":";"},
  {"type":"TextWhitespace","value":"\n\t\t"},
  {"type":"Punctuation","value":"};"},
  {"type":"TextWhitespace","value":"\n\n\t\t"},
  {"type":"CommentSingle","value":"// GPON\n"},
  {"type":"TextWhitespace","value":"\t\t"},
  {"type":"NameFunction","value":"led"},
  {"type":"Operator","value":"@"},
  {"type":"LiteralNumberInteger","value":"1"},
  {"type":"CommentMultiline","value":" "},
  {"type":"Punctuation","value":"{"},
  {"type":"TextWhitespace","value":"\n\t\t\t"},
  {"type":"NameAttribute","value":"color"},
  {"type":"TextWhitespace","value":" "},
  {"type":"Operator","value":"="},
  {"type":"TextWhitespace","value":" "},
  {"type":"Operator","value":"\u003c"},
  {"type":"Name","value":"LED_COLOR_ID_GREEN"},
  {"type":"Operator","value":"\u003e"},
  {"type":"Punctuation","value":";"},
  {"type":"TextWhitespace","value":"\n\t\t\t"},
  {"type":"NameAttribute","value":"function"},
  {"type":"TextWhitespace","value":" "},
  {"type":"Operator","value":"="},
  {"type":"TextWhitespace","value":" "},
  {"type":"NameAttribute","value":"LED_FUNCTION_STATUS"},
  {"type":"Punctuation","value":";"},
  {"type":"TextWhitespace","value":"\n\t\t\t"},
  {"type":"NameAttribute","value":"function-enumerator"},
  {"type":"TextWhitespace","value":" "},
  {"type":"Operator","value":"="},
  {"type":"TextWhitespace","value":" "},
  {"type":"Operator","value":"\u003c"},
  {"type":"LiteralNumberInteger","value":"1"},
  {"type":"Operator","value":"\u003e"},
  {"type":"Punctuation","value":";"},
  {"type":"TextWhitespace","value":"\n\t\t\t"},
  {"type":"NameAttribute","value":"gpios"},
  {"type":"TextWhitespace","value":" "},
  {"type":"Operator","value":"="},
  {"type":"TextWhitespace","value":" "},
  {"type":"Operator","value":"\u003c"},
  {"type":"NameLabel","value":"\u0026gpio0"},
  {"type":"TextWhitespace","value":" "},
  {"type":"LiteralNumberInteger","value":"10"},
  {"type":"TextWhitespace","value":" "},
  {"type":"Name","value":"GPIO_ACTIVE_LOW"},
  {"type":"Operator","value":"\u003e"},
  {"type":"Punctuation","value":";"},
  {"type":"TextWhitespace","value":"\n\t\t"},
  {"type":"Punctuation","value":"};"},
  {"type":"TextWhitespace","value":"\n\n\t\t"},
  {"type":"CommentSingle","value":"// LOS\n"},
  {"type":"TextWhitespace","value":"\t\t"},
  {"type":"NameFunction","value":"led"},
  {"type":"Operator","value":"@"},
  {"type":"LiteralNumberInteger","value":"2"},
  {"type":"CommentMultiline","value":" "},
  {"type":"Punctuation","value":"{"},
  {"type":"TextWhitespace","value":"\n\t\t\t"},
  {"type":"NameAttribute","value":"color"},
  {"type":"TextWhitespace","value":" "},
  {"type":"Operator","value":"="},
  {"type":"TextWhitespace","value":" "},
  {"type":"Operator","value":"\u003c"},
  {"type":"Name","value":"LED_COLOR_ID_RED"},
  {"type":"Operator","value":"\u003e"},
  {"type":"Punctuation","value":";"},
  {"type":"TextWhitespace","value":"\n\t\t\t"},
  {"type":"NameAttribute","value":"function"},
  {"type":"TextWhitespace","value":" "},
  {"type":"Operator","value":"="},
  {"type":"TextWhitespace","value":" "},
  {"type":"NameAttribute","value":"LED_FUNCTION_STATUS"},
  {"type":"Punctuation","value":";"},
  {"type":"TextWhitespace","value":"\n\t\t\t"},
  {"type":"NameAttribute","value":"function-enumerator"},
  {"type":"TextWhitespace","value":" "},
  {"type":"Operator","value":"="},
  {"type":"TextWhitespace","value":" "},
  {"type":"Operator","value":"\u003c"},
  {"type":"LiteralNumberInteger","value":"2"},
  {"type":"Operator","value":"\u003e"},
  {"type":"Punctuation","value":";"},
  {"type":"TextWhitespace","value":"\n\t\t\t"},
  {"type":"NameAttribute","value":"gpios"},
  {"type":"TextWhitespace","value":" "},
  {"type":"Operator","value":"="},
  {"type":"TextWhitespace","value":" "},
  {"type":"Operator","value":"\u003c"},
  {"type":"NameLabel","value":"\u0026gpio0"},
  {"type":"TextWhitespace","value":" "},
  {"type":"LiteralNumberInteger","value":"3"},
  {"type":"TextWhitespace","value":" "},
  {"type":"Name","value":"GPIO_ACTIVE_HIGH"},
  {"type":"Operator","value":"\u003e"},
  {"type":"Punctuation","value":";"},
  {"type":"TextWhitespace","value":"\n\t\t"},
  {"type":"Punctuation","value":"};"},
  {"type":"TextWhitespace","value":"\n\n\t\t"},
  {"type":"CommentSingle","value":"// internet\n"},
  {"type":"TextWhitespace","value":"\t\t"},
  {"type":"NameFunction","value":"led"},
  {"type":"Operator","value":"@"},
  {"type":"LiteralNumberInteger","value":"3"},
  {"type":"CommentMultiline","value":" "},
  {"type":"Punctuation","value":"{"},
  {"type":"TextWhitespace","value":"\n\t\t\t"},
  {"type":"NameAttribute","value":"color"},
  {"type":"TextWhitespace","value":" "},
  {"type":"Operator","value":"="},
  {"type":"TextWhitespace","value":" "},
  {"type":"Operator","value":"\u003c"},
  {"type":"Name","value":"LED_COLOR_ID_GREEN"},
  {"type":"Operator","value":"\u003e"},
  {"type":"Punctuation","value":";"},
  {"type":"TextWhitespace","value":"\n\t\t\t"},
  {"type":"NameAttribute","value":"function"},
  {"type":"TextWhitespace","value":" "},
  {"type":"Operator","value":"="},
  {"type":"TextWhitespace","value":" "},
  {"type":"NameAttribute","value":"LED_FUNCTION_STATUS"},
  {"type":"Punctuation","value":";"},
  {"type":"TextWhitespace","value":"\n\t\t\t"},
  {"type":"NameAttribute","value":"function-enumerator"},
  {"type":"TextWhitespace","value":" "},
  {"type":"Operator","value":"="},
  {"type":"TextWhitespace","value":" "},
  {"type":"Operator","value":"\u003c"},
  {"type":"LiteralNumberInteger","value":"3"},
  {"type":"Operator","value":"\u003e"},
  {"type":"Punctuation","value":";"},
  {"type":"TextWhitespace","value":"\n\t\t\t"},
  {"type":"NameAttribute","value":"gpios"},
  {"type":"TextWhitespace","value":" "},
  {"type":"Operator","value":"="},
  {"type":"TextWhitespace","value":" "},
  {"type":"Operator","value":"\u003c"},
  {"type":"NameLabel","value":"\u0026gpio0"},
  {"type":"TextWhitespace","value":" "},
  {"type":"LiteralNumberInteger","value":"1"},
  {"type":"TextWhitespace","value":" "},
  {"type":"Name","value":"GPIO_ACTIVE_LOW"},
  {"type":"Operator","value":"\u003e"},
  {"type":"Punctuation","value":";"},
  {"type":"TextWhitespace","value":"\n\t\t"},
  {"type":"Punctuation","value":"};"},
  {"type":"TextWhitespace","value":"\n\n\t\t"},
  {"type":"CommentSingle","value":"// Wireless\n"},
  {"type":"TextWhitespace","value":"\t\t"},
  {"type":"NameFunction","value":"led"},
  {"type":"Operator","value":"@"},
  {"type":"LiteralNumberInteger","value":"4"},
  {"type":"CommentMultiline","value":" "},
  {"type":"Punctuation","value":"{"},
  {"type":"TextWhitespace","value":"\n\t\t\t"},
  {"type":"NameAttribute","value":"color"},
  {"type":"TextWhitespace","value":" "},
  {"type":"Operator","value":"="},
  {"type":"TextWhitespace","value":" "},
  {"type":"Operator","value":"\u003c"},
  {"type":"Name","value":"LED_COLOR_ID_GREEN"},
  {"type":"Operator","value":"\u003e"},
  {"type":"Punctuation","value":";"},
  {"type":"TextWhitespace","value":"\n\t\t\t"},
  {"type":"NameAttribute","value":"function"},
  {"type":"TextWhitespace","value":" "},
  {"type":"Operator","value":"="},
  {"type":"TextWhitespace","value":" "},
  {"type":"NameAttribute","value":"LED_FUNCTION_WLAN"},
  {"type":"Punctuation","value":";"},
  {"type":"TextWhitespace","value":"\n\t\t\t"},
  {"type":"NameAttribute","value":"function-enumerator"},
  {"type":"TextWhitespace","value":" "},
  {"type":"Operator","value":"="},
  {"type":"TextWhitespace","value":" "},
  {"type":"Operator","value":"\u003c"},
  {"type":"LiteralNumberInteger","value":"0"},
  {"type":"Operator","value":"\u003e"},
  {"type":"Punctuation","value":";"},
  {"type":"TextWhitespace","value":"\n\t\t\t"},
  {"type":"NameAttribute","value":"gpios"},
  {"type":"TextWhitespace","value":" "},
  {"type":"Operator","value":"="},
  {"type":"TextWhitespace","value":" "},
  {"type":"Operator","value":"\u003c"},
  {"type":"NameLabel","value":"\u0026gpio0"},
  {"type":"TextWhitespace","value":" "},
  {"type":"LiteralNumberInteger","value":"6"},
  {"type":"TextWhitespace","value":" "},
  {"type":"Name","value":"GPIO_ACTIVE_LOW"},
  {"type":"Operator","value":"\u003e"},
  {"type":"Punctuation","value":";"},
  {"type":"TextWhitespace","value":"\n\t\t"},
  {"type":"Punctuation","value":"};"},
  {"type":"TextWhitespace","value":"\n\n\t\t"},
  {"type":"CommentSingle","value":"// Phone\n"},
  {"type":"TextWhitespace","value":"\t\t"},
  {"type":"NameFunction","value":"led"},
  {"type":"Operator","value":"@"},
  {"type":"LiteralNumberInteger","value":"5"},
  {"type":"CommentMultiline","value":" "},
  {"type":"Punctuation","value":"{"},
  {"type":"TextWhitespace","value":"\n\t\t\t"},
  {"type":"NameAttribute","value":"color"},
  {"type":"TextWhitespace","value":" "},
  {"type":"Operator","value":"="},
  {"type":"TextWhitespace","value":" "},
  {"type":"Operator","value":"\u003c"},
  {"type":"Name","value":"LED_COLOR_ID_GREEN"},
  {"type":"Operator","value":"\u003e"},
  {"type":"Punctuation","value":";"},
  {"type":"TextWhitespace","value":"\n\t\t\t"},
  {"type":"NameAttribute","value":"function"},
  {"type":"TextWhitespace","value":" "},
  {"type":"Operator","value":"="},
  {"type":"TextWhitespace","value":" "},
  {"type":"NameAttribute","value":"LED_FUNCTION_STATUS"},
  {"type":"Punctuation","value":";"},
  {"type":"TextWhitespace","value":"\n\t\t\t"},
  {"type":"NameAttribute","value":"function-enumerator"},
  {"type":"TextWhitespace","value":" "},
  {"type":"Operator","value":"="},
  {"type":"TextWhitespace","value":" "},
  {"type":"Operator","value":"\u003c"},
  {"type":"LiteralNumberInteger","value":"4"},
  {"type":"Operator","value":"\u003e"},
  {"type":"Punctuation","value":";"},
  {"type":"TextWhitespace","value":"\n\t\t\t"},
  {"type":"NameAttribute","value":"gpios"},
  {"type":"TextWhitespace","value":" "},
  {"type":"Operator","value":"="},
  {"type":"TextWhitespace","value":" "},
  {"type":"Operator","value":"\u003c"},
  {"type":"NameLabel","value":"\u0026gpio0"},
  {"type":"TextWhitespace","value":" "},
  {"type":"LiteralNumberInteger","value":"5"},
  {"type":"TextWhitespace","value":" "},
  {"type":"Name","value":"GPIO_ACTIVE_HIGH"},
  {"type":"Operator","value":"\u003e"},
  {"type":"Punctuation","value":";"},
  {"type":"TextWhitespace","value":"\n\t\t"},
  {"type":"Punctuation","value":"};"},
  {"type":"TextWhitespace","value":"\n\n\t\t"},
  {"type":"NameFunction","value":"led"},
  {"type":"Operator","value":"@"},
  {"type":"LiteralNumberInteger","value":"6"},
  {"type":"CommentMultiline","value":" "},
  {"type":"Punctuation","value":"{"},
  {"type":"TextWhitespace","value":"\n\t\t\t"},
  {"type":"NameAttribute","value":"color"},
  {"type":"TextWhitespace","value":" "},
  {"type":"Operator","value":"="},
  {"type":"TextWhitespace","value":" "},
  {"type":"Operator","value":"\u003c"},
  {"type":"Name","value":"LED_COLOR_ID_GREEN"},
  {"type":"Operator","value":"\u003e"},
  {"type":"Punctuation","value":";"},
  {"type":"TextWhitespace","value":"\n\t\t\t"},
  {"type":"NameAttribute","value":"function"},
  {"type":"TextWhitespace","value":" "},
  {"type":"Operator","value":"="},
  {"type":"TextWhitespace","value":" "},
  {"type":"NameAttribute","value":"LED_FUNCTION_LAN"},
  {"type":"Punctuation","value":";"},
  {"type":"TextWhitespace","value":"\n\t\t\t"},
  {"type":"NameAttribute","value":"function-enumerator"},
  {"type":"TextWhitespace","value":" "},
  {"type":"Operator","value":"="},
  {"type":"TextWhitespace","value":" "},
  {"type":"Operator","value":"\u003c"},
  {"type":"LiteralNumberInteger","value":"0"},
  {"type":"Operator","value":"\u003e"},
  {"type":"Punctuation","value":";"},
  {"type":"TextWhitespace","value":"\n\t\t\t"},
  {"type":"NameAttribute","value":"gpios"},
  {"type":"TextWhitespace","value":" "},
  {"type":"Operator","value":"="},
  {"type":"TextWhitespace","value":" "},
  {"type":"Operator","value":"\u003c"},
  {"type":"NameLabel","value":"\u0026gpio0"},
  {"type":"TextWhitespace","value":" "},
  {"type":"LiteralNumberInteger","value":"22"},
  {"type":"TextWhitespace","value":" "},
  {"type":"Name","value":"GPIO_ACTIVE_LOW"},
  {"type":"Operator","value":"\u003e"},
  {"type":"Punctuation","value":";"},
  {"type":"TextWhitespace","value":"\n\t\t"},
  {"type":"Punctuation","value":"};"},
  {"type":"TextWhitespace","value":"\n\n\t\t"},
  {"type":"NameFunction","value":"led"},
  {"type":"Operator","value":"@"},
  {"type":"LiteralNumberInteger","value":"7"},
  {"type":"CommentMultiline","value":" "},
  {"type":"Punctuation","value":"{"},
  {"type":"TextWhitespace","value":"\n\t\t\t"},
  {"type":"NameAttribute","value":"color"},
  {"type":"TextWhitespace","value":" "},
  {"type":"Operator","value":"="},
  {"type":"TextWhitespace","value":" "},
  {"type":"Operator","value":"\u003c"},
  {"type":"Name","value":"LED_COLOR_ID_GREEN"},
  {"type":"Operator","value":"\u003e"},
  {"type":"Punctuation","value":";"},
  {"type":"TextWhitespace","value":"\n\t\t\t"},
  {"type":"NameAttribute","value":"function"},
  {"type":"TextWhitespace","value":" "},
  {"type":"Operator","value":"="},
  {"type":"TextWhitespace","value":" "},
  {"type":"NameAttribute","value":"LED_FUNCTION_LAN"},
  {"type":"Punctuation","value":";"},
  {"type":"TextWhitespace","value":"\n\t\t\t"},
  {"type":"NameAttribute","value":"function-enumerator"},
  {"type":"TextWhitespace","value":" "},
  {"type":"Operator","value":"="},
  {"type":"TextWhitespace","value":" "},
  {"type":"Operator","value":"\u003c"},
  {"type":"LiteralNumberInteger","value":"1"},
  {"type":"Operator","value":"\u003e"},
  {"type":"Punctuation","value":";"},
  {"type":"TextWhitespace","value":"\n\t\t\t"},
  {"type":"NameAttribute","value":"gpios"},
  {"type":"TextWhitespace","value":" "},
  {"type":"Operator","value":"="},
  {"type":"TextWhitespace","value":" "},
  {"type":"Operator","value":"\u003c"},
  {"type":"NameLabel","value":"\u0026gpio0"},
  {"type":"TextWhitespace","value":" "},
  {"type":"LiteralNumberInteger","value":"23"},
  {"type":"TextWhitespace","value":" "},
  {"type":"Name","value":"GPIO_ACTIVE_LOW"},
  {"type":"Operator","value":"\u003e"},
  {"type":"Punctuation","value":";"},
  {"type":"TextWhitespace","value":"\n\t\t"},
  {"type":"Punctuation","value":"};"},
  {"type":"TextWhitespace","value":"\n\n\t\t"},
  {"type":"NameFunction","value":"led"},
  {"type":"Operator","value":"@"},
  {"type":"LiteralNumberInteger","value":"8"},
  {"type":"CommentMultiline","value":" "},
  {"type":"Punctuation","value":"{"},
  {"type":"TextWhitespace","value":"\n\t\t\t"},
  {"type":"NameAttribute","value":"color"},
  {"type":"TextWhitespace","value":" "},
  {"type":"Operator","value":"="},
  {"type":"TextWhitespace","value":" "},
  {"type":"Operator","value":"\u003c"},
  {"type":"Name","value":"LED_COLOR_ID_GREEN"},
  {"type":"Operator","value":"\u003e"},
  {"type":"Punctuation","value":";"},
  {"type":"TextWhitespace","value":"\n\t\t\t"},
  {"type":"NameAttribute","value":"function"},
  {"type":"TextWhitespace","value":" "},
  {"type":"Operator","value":"="},
  {"type":"TextWhitespace","value":" "},
  {"type":"NameAttribute","value":"LED_FUNCTION_LAN"},
  {"type":"Punctuation","value":";"},
  {"type":"TextWhitespace","value":"\n\t\t\t"},
  {"type":"NameAttribute","value":"function-enumerator"},
  {"type":"TextWhitespace","value":" "},
  {"type":"Operator","value":"="},
  {"type":"TextWhitespace","value":" "},
  {"type":"Operator","value":"\u003c"},
  {"type":"LiteralNumberInteger","value":"2"},
  {"type":"Operator","value":"\u003e"},
  {"type":"Punctuation","value":";"},
  {"type":"TextWhitespace","value":"\n\t\t\t"},
  {"type":"NameAttribute","value":"gpios"},
  {"type":"TextWhitespace","value":" "},
  {"type":"Operator","value":"="},
  {"type":"TextWhitespace","value":" "},
  {"type":"Operator","value":"\u003c"},
  {"type":"NameLabel","value":"\u0026gpio0"},
  {"type":"TextWhitespace","value":" "},
  {"type":"LiteralNumberInteger","value":"24"},
  {"type":"TextWhitespace","value":" "},
  {"type":"Name","value":"GPIO_ACTIVE_LOW"},
  {"type":"Operator","value":"\u003e"},
  {"type":"Punctuation","value":";"},
  {"type":"TextWhitespace","value":"\n\t\t"},
  {"type":"Punctuation","value":"};"},
  {"type":"TextWhitespace","value":"\n\n\t\t"},
  {"type":"NameFunction","value":"led"},
  {"type":"Operator","value":"@"},
  {"type":"LiteralNumberInteger","value":"9"},
  {"type":"CommentMultiline","value":" "},
  {"type":"Punctuation","value":"{"},
  {"type":"TextWhitespace","value":"\n\t\t\t"},
  {"type":"NameAttribute","value":"color"},
  {"type":"TextWhitespace","value":" "},
  {"type":"Operator","value":"="},
  {"type":"TextWhitespace","value":" "},
  {"type":"Operator","value":"\u003c"},
  {"type":"Name","value":"LED_COLOR_ID_GREEN"},
  {"type":"Operator","value":"\u003e"},
  {"type":"Punctuation","value":";"},
  {"type":"TextWhitespace","value":"\n\t\t\t"},
  {"type":"NameAttribute","value":"function"},
  {"type":"TextWhitespace","value":" "},
  {"type":"Operator","value":"="},
  {"type":"TextWhitespace","value":" "},
  {"type":"NameAttribute","value":"LED_FUNCTION_WAN"},
  {"type":"Punctuation","value":";"},
  {"type":"TextWhitespace","value":"\n\t\t\t"},
  {"type":"NameAttribute","value":"function-enumerator"},
  {"type":"TextWhitespace","value":" "},
  {"type":"Operator","value":"="},
  {"type":"TextWhitespace","value":" "},
  {"type":"Operator","value":"\u003c"},
  {"type":"LiteralNumberInteger","value":"0"},
  {"type":"Operator","value":"\u003e"},
  {"type":"Punctuation","value":";"},
  {"type":"TextWhitespace","value":"\n\t\t\t"},
  {"type":"NameAttribute","value":"gpios"},
  {"type":"TextWhitespace","value":" "},
  {"type":"Operator","value":"="},
  {"type":"TextWhitespace","value":" "},
  {"type":"Operator","value":"\u003c"},
  {"type":"NameLabel","value":"\u0026gpio0"},
  {"type":"TextWhitespace","value":" "},
  {"type":"LiteralNumberInteger","value":"25"},
  {"type":"TextWhitespace","value":" "},
  {"type":"Name","value":"GPIO_ACTIVE_LOW"},
  {"type":"Operator","value":"\u003e"},
  {"type":"Punctuation","value":";"},
  {"type":"TextWhitespace","value":"\n\t\t"},
  {"type":"Punctuation","value":"};"},
  {"type":"TextWhitespace","value":"\n\t"},
  {"type":"Punctuation","value":"};"},
  {"type":"TextWhitespace","value":"\n"},
  {"type":"Punctuation","value":"};"},
  {"type":"TextWhitespace","value":"\n\n"},
  {"type":"NameLabel","value":"\u0026nand"},
  {"type":"TextWhitespace","value":" "},
  {"type":"Punctuation","value":"{"},
  {"type":"TextWhitespace","value":"\n\t"},
  {"type":"Name","value":"partitions"},
  {"type":"TextWhitespace","value":" "},
  {"type":"Punctuation","value":"{"},
  {"type":"TextWhitespace","value":"\n\t\t"},
  {"type":"NameAttribute","value":"compatible"},
  {"type":"TextWhitespace","value":" "},
  {"type":"Operator","value":"="},
  {"type":"TextWhitespace","value":" "},
  {"type":"LiteralString","value":"\"fixed-partitions\""},
  {"type":"Punctuation","value":";"},
  {"type":"TextWhitespace","value":"\n\t\t"},
  {"type":"Operator","value":"#"},
  {"type":"NameAttribute","value":"address-cells"},
  {"type":"TextWhitespace","value":" "},
  {"type":"Operator","value":"="},
  {"type":"TextWhitespace","value":" "},
  {"type":"Operator","value":"\u003c"},
  {"type":"LiteralNumberInteger","value":"1"},
  {"type":"Operator","value":"\u003e"},
  {"type":"Punctuation","value":";"},
  {"type":"TextWhitespace","value":"\n\t\t"},
  {"type":"Operator","value":"#"},
  {"type":"NameAttribute","value":"size-cells"},
  {"type":"TextWhitespace","value":" "},
  {"type":"Operator","value":"="},
  {"type":"TextWhitespace","value":" "},
  {"type":"Operator","value":"\u003c"},
  {"type":"LiteralNumberInteger","value":"1"},
  {"type":"Operator","value":"\u003e"},
  {"type":"Punctuation","value":";"},
  {"type":"TextWhitespace","value":"\n\n\t\t"},
  {"type":"NameFunction","value":"partition"},
  {"type":"Operator","value":"@"},
  {"type":"LiteralNumberInteger","value":"0"},
  {"type":"CommentMultiline","value":" "},
  {"type":"Punctuation","value":"{"},
  {"type":"TextWhitespace","value":"\n\t\t\t"},
  {"type":"NameAttribute","value":"label"},
  {"type":"TextWhitespace","value":" "},
  {"type":"Operator","value":"="},
  {"type":"TextWhitespace","value":" "},
  {"type":"LiteralString","value":"\"bootloader\""},
  {"type":"Punctuation","value":";"},
  {"type":"TextWhitespace","value":"\n\t\t\t"},
  {"type":"NameAttribute","value":"reg"},
  {"type":"TextWhitespace","value":" "},
  {"type":"Operator","value":"="},
  {"type":"TextWhitespace","value":" "},
  {"type":"Operator","value":"\u003c"},
  {"type":"LiteralNumberHex","value":"0x00000"},
  {"type":"TextWhitespace","value":" "},
  {"type":"LiteralNumberHex","value":"0x80000"},
  {"type":"Operator","value":"\u003e"},
  {"type":"Punctuation","value":";"},
  {"type":"TextWhitespace","value":"\n\t\t\t"},
  {"type":"NameAttribute","value":"read-only"},
  {"type":"Punctuation","value":";"},
  {"type":"TextWhitespace","value":"\n\t\t"},
  {"type":"Punctuation","value":"};"},
  {"type":"TextWhitespace","value":"\n\n\t\t"},
  {"type":"CommentSingle","value":"// filled with 0xff\n"},
  {"type":"TextWhitespace","value":"\t\t"},
  {"type":"NameFunction","value":"partition"},
  {"type":"Operator","value":"@"},
  {"type":"LiteralNumberInteger","value":"80000"},
  {"type":"CommentMultiline","value":" "},
  {"type":"Punctuation","value":"{"},
  {"type":"TextWhitespace","value":"\n\t\t\t"},
  {"type":"NameAttribute","value":"label"},
  {"type":"TextWhitespace","value":" "},
  {"type":"Operator","value":"="},
  {"type":"TextWhitespace","value":" "},
  {"type":"LiteralString","value":"\"romfile\""},
  {"type":"Punctuation","value":";"},
  {"type":"TextWhitespace","value":"\n\t\t\t"},
  {"type":"NameAttribute","value":"reg"},
  {"type":"TextWhitespace","value":" "},
  {"type":"Operator","value":"="},
  {"type":"TextWhitespace","value":" "},
  {"type":"Operator","value":"\u003c"},
  {"type":"LiteralNumberHex","value":"0x80000"},
  {"type":"TextWhitespace","value":" "},
  {"type":"LiteralNumberHex","value":"0xa0000"},
  {"type":"Operator","value":"\u003e"},
  {"type":"Punctuation","value":";"},
  {"type":"TextWhitespace","value":"\n\t\t\t"},
  {"type":"NameAttribute","value":"read-only"},
  {"type":"Punctuation","value":";"},
  {"type":"TextWhitespace","value":"\n\t\t"},
  {"type":"Punctuation","value":"};"},
  {"type":"TextWhitespace","value":"\n\n\t\t"},
  {"type":"NameFunction","value":"partition"},
  {"type":"Operator","value":"@"},
  {"type":"LiteralNumberInteger","value":"a0000"},
  {"type":"CommentMultiline","value":" "},
  {"type":"Punctuation","value":"{"},
  {"type":"TextWhitespace","value":"\n\t\t\t"},
  {"type":"NameAttribute","value":"label"},
  {"type":"TextWhitespace","value":" "},
  {"type":"Operator","value":"="},
  {"type":"TextWhitespace","value":" "},
  {"type":"LiteralString","value":"\"misc\""},
  {"type":"Punctuation","value":";"},
  {"type":"TextWhitespace","value":"\n\t\t\t"},
  {"type":"NameAttribute","value":"reg"},
  {"type":"TextWhitespace","value":" "},
  {"type":"Operator","value":"="},
  {"type":"TextWhitespace","value":" "},
  {"type":"Operator","value":"\u003c"},
  {"type":"LiteralNumberHex","value":"0x0a0000"},
  {"type":"TextWhitespace","value":" "},
  {"type":"LiteralNumberHex","value":"0x1a0000"},
  {"type":"Operator","value":"\u003e"},
  {"type":"Punctuation","value":";"},
  {"type":"TextWhitespace","value":"\n\t\t\t"},
  {"type":"NameAttribute","value":"read-only"},
  {"type":"Punctuation","value":";"},
  {"type":"TextWhitespace","value":"\n\n\t\t\t"},
  {"type":"NameFunction","value":"nvmem-layout"},
  {"type":"CommentMultiline","value":" "},
  {"type":"Punctuation","value":"{"},
  {"type":"TextWhitespace","value":"\n\t\t\t\t"},
  {"type":"NameAttribute","value":"compatible"},
  {"type":"TextWhitespace","value":" "},
  {"type":"Operator","value":"="},
  {"type":"TextWhitespace","value":" "},
  {"type":"LiteralString","value":"\"fixed-layout\""},
  {"type":"Punctuation","value":";"},
  {"type":"TextWhitespace","value":"\n\t\t\t\t"},
  {"type":"Operator","value":"#"},
  {"type":"NameAttribute","value":"address-cells"},
  {"type":"TextWhitespace","value":" "},
  {"type":"Operator","value":"="},
  {"type":"TextWhitespace","value":" "},
  {"type":"Operator","value":"\u003c"},
  {"type":"LiteralNumberInteger","value":"1"},
  {"type":"Operator","value":"\u003e"},
  {"type":"Punctuation","value":";"},
  {"type":"TextWhitespace","value":"\n\t\t\t\t"},
  {"type":"Operator","value":"#"},
  {"type":"NameAttribute","value":"size-cells"},
  {"type":"TextWhitespace","value":" "},
  {"type":"Operator","value":"="},
  {"type":"TextWhitespace","value":" "},
  {"type":"Operator","value":"\u003c"},
  {"type":"LiteralNumberInteger","value":"1"},
  {"type":"Operator","value":"\u003e"},
  {"type":"Punctuation","value":";"},
  {"type":"TextWhitespace","value":"\n\n\t\t\t\t"},
  {"type":"NameLabel","value":"switch_macaddr"},
  {"type":"Punctuation","value":":"},
  {"type":"TextWhitespace","value":" "},
  {"type":"NameFunction","value":"macaddr"},
  {"type":"Operator","value":"@"},
  {"type":"LiteralNumberInteger","value":"4f100"},
  {"type":"CommentMultiline","value":" "},
  {"type":"Punctuation","value":"{"},
  {"type":"TextWhitespace","value":"\n\t\t\t\t\t"},
  {"type":"Operator","value":"#"},
  {"type":"NameAttribute","value":"nvmem-cell-cells"},
  {"type":"TextWhitespace","value":" "},
  {"type":"Operator","value":"="},
  {"type":"TextWhitespace","value":" "},
  {"type":"Operator","value":"\u003c"},
  {"type":"LiteralNumberInteger","value":"1"},
  {"type":"Operator","value":"\u003e"},
  {"type":"Punctuation","value":";"},
  {"type":"TextWhitespace","value":"\n\t\t\t\t\t"},
  {"type":"NameAttribute","value":"compatible"},
  {"type":"TextWhitespace","value":" "},
  {"type":"Operator","value":"="},
  {"type":"TextWhitespace","value":" "},
  {"type":"LiteralString","value":"\"mac-base\""},
  {"type":"Punctuation","value":";"},
  {"type":"TextWhitespace","value":"\n\t\t\t\t\t"},
  {"type":"NameAttribute","value":"reg"},
  {"type":"TextWhitespace","value":" "},
  {"type":"Operator","value":"="},
  {"type":"TextWhitespace","value":" "},
  {"type":"Operator","value":"\u003c"},
  {"type":"LiteralNumberHex","value":"0x4f100"},
  {"type":"TextWhitespace","value":" "},
  {"type":"LiteralNumberHex","value":"0x6"},
  {"type":"Operator","value":"\u003e"},
  {"type":"Punctuation","value":";"},
  {"type":"TextWhitespace","value":"\n\t\t\t\t"},
  {"type":"Punctuation","value":"};"},
  {"type":"TextWhitespace","value":"\n\n\t\t\t\t"},
  {"type":"NameLabel","value":"wifi_macaddr"},
  {"type":"Punctuation","value":":"},
  {"type":"TextWhitespace","value":" "},
  {"type":"NameFunction","value":"macaddr"},
  {"type":"Operator","value":"@"},
  {"type":"LiteralNumberInteger","value":"4f1e0"},
  {"type":"CommentMultiline","value":" "},
  {"type":"Punctuation","value":"{"},
  {"type":"TextWhitespace","value":"\n\t\t\t\t\t"},
  {"type":"Operator","value":"#"},
  {"type":"NameAttribute","value":"nvmem-cell-cells"},
  {"type":"TextWhitespace","value":" "},
  {"type":"Operator","value":"="},
  {"type":"TextWhitespace","value":" "},
  {"type":"Operator","value":"\u003c"},
  {"type":"LiteralNumberInteger","value":"1"},
  {"type":"Operator","value":"\u003e"},
  {"type":"Punctuation","value":";"},
  {"type":"TextWhitespace","value":"\n\t\t\t\t\t"},
  {"type":"NameAttribute","value":"compatible"},
  {"type":"TextWhitespace","value":" "},
  {"type":"Operator","value":"="},
  {"type":"TextWhitespace","value":" "},
  {"type":"LiteralString","value":"\"mac-base\""},
  {"type":"Punctuation","value":";"},
  {"type":"TextWhitespace","value":"\n\t\t\t\t\t"},
  {"type":"NameAttribute","value":"reg"},
  {"type":"TextWhitespace","value":" "},
  {"type":"Operator","value":"="},
  {"type":"TextWhitespace","value":" "},
  {"type":"Operator","value":"\u003c"},
  {"type":"LiteralNumberHex","value":"0x4f1e0"},
  {"type":"TextWhitespace","value":" "},
  {"type":"LiteralNumberHex","value":"0x6"},
  {"type":"Operator","value":"\u003e"},
  {"type":"Punctuation","value":";"},
  {"type":"TextWhitespace","value":"\n\t\t\t\t"},
  {"type":"Punctuation","value":"};"},
  {"type":"TextWhitespace","value":"\n\n\t\t\t\t"},
  {"type":"NameLabel","value":"gpon_serial_number"},
  {"type":"Punctuation","value":":"},
  {"type":"TextWhitespace","value":" "},
  {"type":"NameFunction","value":"gpon"},
  {"type":"Operator","value":"@"},
  {"type":"LiteralNumberInteger","value":"4c000"},
  {"type":"CommentMultiline","value":" "},
  {"type":"Punctuation","value":"{"},
  {"type":"TextWhitespace","value":"\n\t\t\t\t\t"},
  {"type":"Operator","value":"#"},
  {"type":"NameAttribute","value":"nvmem-cell-cells"},
  {"type":"TextWhitespace","value":" "},
  {"type":"Operator","value":"="},
  {"type":"TextWhitespace","value":" "},
  {"type":"Operator","value":"\u003c"},
  {"type":"LiteralNumberInteger","value":"1"},
  {"type":"Operator","value":"\u003e"},
  {"type":"Punctuation","value":";"},
  {"type":"TextWhitespace","value":"\n\t\t\t\t\t"},
  {"type":"NameAttribute","value":"reg"},
  {"type":"TextWhitespace","value":" "},
  {"type":"Operator","value":"="},
  {"type":"TextWhitespace","value":" "},
  {"type":"Operator","value":"\u003c"},
  {"type":"LiteralNumberHex","value":"0x4c000"},
  {"type":"TextWhitespace","value":" "},
  {"type":"LiteralNumberHex","value":"0x3f00"},
  {"type":"Operator","value":"\u003e"},
  {"type":"Punctuation","value":";"},
  {"type":"TextWhitespace","value":"\n\t\t\t\t"},
  {"type":"Punctuation","value":"};"},
  {"type":"TextWhitespace","value":"\n\n\t\t\t\t"},
  {"type":"NameLabel","value":"eeprom0"},
  {"type":"Punctuation","value":":"},
  {"type":"TextWhitespace","value":" "},
  {"type":"NameFunction","value":"eeprom"},
  {"type":"Operator","value":"@"},
  {"type":"LiteralNumberInteger","value":"80000"},
  {"type":"CommentMultiline","value":" "},
  {"type":"Punctuation","value":"{"},
  {"type":"TextWhitespace","value":"\n\t\t\t\t\t"},
  {"type":"NameAttribute","value":"reg"},
  {"type":"TextWhitespace","value":" "},
  {"type":"Operator","value":"="},
  {"type":"TextWhitespace","value":" "},
  {"type":"Operator","value":"\u003c"},
  {"type":"LiteralNumberHex","value":"0x80000"},
  {"type":"TextWhitespace","value":" "},
  {"type":"LiteralNumberHex","value":"0xe00"},
  {"type":"Operator","value":"\u003e"},
  {"type":"Punctuation","value":";"},
  {"type":"TextWhitespace","value":"\n\t\t\t\t"},
  {"type":"Punctuation","value":"};"},
  {"type":"TextWhitespace","value":"\n\t\t\t"},
  {"type":"Punctuation","value":"};"},
  {"type":"TextWhitespace","value":"\n\t\t"},
  {"type":"Punctuation","value":"};"},
  {"type":"TextWhitespace","value":"\n\n\t\t"},
  {"type":"NameFunction","value":"partition"},
  {"type":"Operator","value":"@"},
  {"type":"LiteralNumberInteger","value":"1a0000"},
  {"type":"CommentMultiline","value":" "},
  {"type":"Punctuation","value":"{"},
  {"type":"TextWhitespace","value":"\n\t\t\t"},
  {"type":"NameAttribute","value":"label"},
  {"type":"TextWhitespace","value":" "},
  {"type":"Operator","value":"="},
  {"type":"TextWhitespace","value":" "},
  {"type":"LiteralString","value":"\"kernel\""},
  {"type":"Punctuation","value":";"},
  {"type":"TextWhitespace","value":"\n\t\t\t"},
  {"type":"NameAttribute","value":"reg"},
  {"type":"TextWhitespace","value":" "},
  {"type":"Operator","value":"="},
  {"type":"TextWhitespace","value":" "},
  {"type":"Operator","value":"\u003c"},
  {"type":"LiteralNumberHex","value":"0x01a0000"},
  {"type":"TextWhitespace","value":" "},
  {"type":"LiteralNumberHex","value":"0x1000000"},
  {"type":"Operator","value":"\u003e"},
  {"type":"Punctuation","value":";"},
  {"type":"TextWhitespace","value":"\n\t\t"},
  {"type":"Punctuation","value":"};"},
  {"type":"TextWhitespace","value":"\n\n\t\t"},
  {"type":"NameFunction","value":"partition"},
  {"type":"Operator","value":"@"},
  {"type":"LiteralNumberInteger","value":"11a0000"},
  {"type":"CommentMultiline","value":" "},
  {"type":"Punctuation","value":"{"},
  {"type":"TextWhitespace","value":"\n\t\t\t"},
  {"type":"NameAttribute","value":"label"},
  {"type":"TextWhitespace","value":" "},
  {"type":"Operator","value":"="},
  {"type":"TextWhitespace","value":" "},
  {"type":"LiteralString","value":"\"rootfs\""},
  {"type":"Punctuation","value":";"},
  {"type":"TextWhitespace","value":"\n\t\t\t"},
  {"type":"NameAttribute","value":"reg"},
  {"type":"TextWhitespace","value":" "},
  {"type":"Operator","value":"="},
  {"type":"TextWhitespace","value":" "},
  {"type":"Operator","value":"\u003c"},
  {"type":"LiteralNumberHex","value":"0x11a0000"},
  {"type":"TextWhitespace","value":" "},
  {"type":"LiteralNumberHex","value":"0x4e60000"},
  {"type":"Operator","value":"\u003e"},
  {"type":"Punctuation","value":";"},
  {"type":"TextWhitespace","value":"\n\t\t"},
  {"type":"Punctuation","value":"};"},
  {"type":"TextWhitespace","value":"\n\n\t\t"},
  {"type":"CommentMultiline","value":"/* reserved for bad block table */"},
  {"type":"TextWhitespace","value":"\n\t\t"},
  {"type":"NameFunction","value":"reserved_bmt"},
  {"type":"Operator","value":"@"},
  {"type":"LiteralNumberInteger","value":"3fe0000"},
  {"type":"CommentMultiline","value":" "},
  {"type":"Punctuation","value":"{"},
  {"type":"TextWhitespace","value":"\n\t\t\t"},
  {"type":"NameAttribute","value":"label"},
  {"type":"TextWhitespace","value":" "},
  {"type":"Operator","value":"="},
  {"type":"TextWhitespace","value":" "},
  {"type":"LiteralString","value":"\"reserved_bmt\""},
  {"type":"Punctuation","value":";"},
  {"type":"TextWhitespace","value":"\n\t\t\t"},
  {"type":"NameAttribute","value":"reg"},
  {"type":"TextWhitespace","value":" "},
  {"type":"Operator","value":"="},
  {"type":"TextWhitespace","value":" "},
  {"type":"Operator","value":"\u003c"},
  {"type":"LiteralNumberHex","value":"0x3fe0000"},
  {"type":"TextWhitespace","value":" "},
  {"type":"LiteralNumberHex","value":"0x4000000"},
  {"type":"Operator","value":"\u003e"},
  {"type":"Punctuation","value":";"},
  {"type":"TextWhitespace","value":"\n\t\t\t"},
  {"type":"NameAttribute","value":"read-only"},
  {"type":"Punctuation","value":";"},
  {"type":"TextWhitespace","value":"\n\t\t"},
  {"type":"Punctuation","value":"};"},
  {"type":"TextWhitespace","value":"\n\t"},
  {"type":"Punctuation","value":"};"},
  {"type":"TextWhitespace","value":"\n"},
  {"type":"Punctuation","value":"};"},
  {"type":"TextWhitespace","value":"\n\n"},
  {"type":"NameLabel","value":"\u0026pcie0"},
  {"type":"TextWhitespace","value":" "},
  {"type":"Punctuation","value":"{"},
  {"type":"TextWhitespace","value":"\n\t"},
  {"type":"KeywordReserved","value":"status"},
  {"type":"TextWhitespace","value":" "},
  {"type":"Operator","value":"="},
  {"type":"TextWhitespace","value":" "},
  {"type":"LiteralString","value":"\"okay\""},
  {"type":"Punctuation","value":";"},
  {"type":"TextWhitespace","value":"\n"},
  {"type":"Punctuation","value":"};"},
  {"type":"TextWhitespace","value":"\n\n"},
  {"type":"NameLabel","value":"\u0026pcie1"},
  {"type":"TextWhitespace","value":" "},
  {"type":"Punctuation","value":"{"},
  {"type":"TextWhitespace","value":"\n\t"},
  {"type":"KeywordReserved","value":"status"},
  {"type":"TextWhitespace","value":" "},
  {"type":"Operator","value":"="},
  {"type":"TextWhitespace","value":" "},
  {"type":"LiteralString","value":"\"okay\""},
  {"type":"Punctuation","value":";"},
  {"type":"TextWhitespace","value":"\n\n\t"},
  {"type":"NameFunction","value":"pcie"},
  {"type":"Operator","value":"@"},
  {"type":"LiteralNumberInteger","value":"1,0"},
  {"type":"CommentMultiline","value":" "},
  {"type":"Punctuation","value":"{"},
  {"type":"TextWhitespace","value":"\n\t\t"},
  {"type":"NameAttribute","value":"reg"},
  {"type":"TextWhitespace","value":" "},
  {"type":"Operator","value":"="},
  {"type":"TextWhitespace","value":" "},
  {"type":"Operator","value":"\u003c"},
  {"type":"LiteralNumberHex","value":"0x00000800"},
  {"type":"TextWhitespace","value":" "},
  {"type":"LiteralNumberInteger","value":"0"},
  {"type":"TextWhitespace","value":" "},
  {"type":"LiteralNumberInteger","value":"0"},
  {"type":"TextWhitespace","value":" "},
  {"type":"LiteralNumberInteger","value":"0"},
  {"type":"TextWhitespace","value":" "},
  {"type":"LiteralNumberInteger","value":"0"},
  {"type":"Operator","value":"\u003e"},
  {"type":"Punctuation","value":";"},
  {"type":"TextWhitespace","value":"\n\t\t"},
  {"type":"Operator","value":"#"},
  {"type":"NameAttribute","value":"address-cells"},
  {"type":"TextWhitespace","value":" "},
  {"type":"Operator","value":"="},
  {"type":"TextWhitespace","value":" "},
  {"type":"Operator","value":"\u003c"},
  {"type":"LiteralNumberInteger","value":"3"},
  {"type":"Operator","value":"\u003e"},
  {"type":"Punctuation","value":";"},
  {"type":"TextWhitespace","value":"\n\t\t"},
  {"type":"Operator","value":"#"},
  {"type":"NameAttribute","value":"size-cells"},
  {"type":"TextWhitespace","value":" "},
  {"type":"Operator","value":"="},
  {"type":"TextWhitespace","value":" "},
  {"type":"Operator","value":"\u003c"},
  {"type":"LiteralNumberInteger","value":"2"},
  {"type":"Operator","value":"\u003e"},
  {"type":"Punctuation","value":";"},
  {"type":"TextWhitespace","value":"\n\n\t\t"},
  {"type":"NameFunction","value":"mt7915"},
  {"type":"Operator","value":"@"},
  {"type":"LiteralNumberInteger","value":"0,0"},
  {"type":"CommentMultiline","value":" "},
  {"type":"Punctuation","value":"{"},
  {"type":"TextWhitespace","value":"\n\t\t\t"},
  {"type":"NameAttribute","value":"reg"},
  {"type":"TextWhitespace","value":" "},
  {"type":"Operator","value":"="},
  {"type":"TextWhitespace","value":" "},
  {"type":"Operator","value":"\u003c"},
  {"type":"LiteralNumberHex","value":"0x0000"},
  {"type":"TextWhitespace","value":" "},
  {"type":"LiteralNumberInteger","value":"0"},
  {"type":"TextWhitespace","value":" "},
  {"type":"LiteralNumberInteger","value":"0"},
  {"type":"TextWhitespace","value":" "},
  {"type":"LiteralNumberInteger","value":"0"},
  {"type":"TextWhitespace","value":" "},
  {"type":"LiteralNumberInteger","value":"0"},
  {"type":"Operator","value":"\u003e"},
  {"type":"Punctuation","value":";"},
  {"type":"TextWhitespace","value":"\n\t\t\t"},
  {"type":"Operator","value":"#"},
  {"type":"NameAttribute","value":"address-cells"},
  {"type":"TextWhitespace","value":" "},
  {"type":"Operator","value":"="},
  {"type":"TextWhitespace","value":" "},
  {"type":"Operator","value":"\u003c"},
  {"type":"LiteralNumberInteger","value":"1"},
  {"type":"Operator","value":"\u003e"},
  {"type":"Punctuation","value":";"},
  {"type":"TextWhitespace","value":"\n\t\t\t"},
  {"type":"Operator","value":"#"},
  {"type":"NameAttribute","value":"size-cells"},
  {"type":"TextWhitespace","value":" "},
  {"type":"Operator","value":"="},
  {"type":"TextWhitespace","value":" "},
  {"type":"Operator","value":"\u003c"},
  {"type":"LiteralNumberInteger","value":"0"},
  {"type":"Operator","value":"\u003e"},
  {"type":"Punctuation","value":";"},
  {"type":"TextWhitespace","value":"\n\t\t\t"},
  {"type":"NameAttribute","value":"nvmem-cells"},
  {"type":"TextWhitespace","value":" "},
  {"type":"Operator","value":"="},
  {"type":"TextWhitespace","value":" "},
  {"type":"Operator","value":"\u003c"},
  {"type":"NameLabel","value":"\u0026eeprom0"},
  {"type":"Operator","value":"\u003e"},
  {"type":"Punctuation","value":";"},
  {"type":"TextWhitespace","value":"\n\t\t\t"},
  {"type":"NameAttribute","value":"nvmem-cell-names"},
  {"type":"TextWhitespace","value":" "},
  {"type":"Operator","value":"="},
  {"type":"TextWhitespace","value":" "},
  {"type":"LiteralString","value":"\"eeprom\""},
  {"type":"Punctuation","value":";"},
  {"type":"TextWhitespace","value":"\n\t\t\t"},
  {"type":"NameAttribute","value":"airoha"},
  {"type":"Punctuation","value":","},
  {"type":"NameAttribute","value":"npu"},
  {"type":"TextWhitespace","value":" "},
  {"type":"Operator","value":"="},
  {"type":"TextWhitespace","value":" "},
  {"type":"Operator","value":"\u003c"},
  {"type":"NameLabel","value":"\u0026npu"},
  {"type":"Operator","value":"\u003e"},
  {"type":"Punctuation","value":";"},
  {"type":"TextWhitespace","value":"\n\t\t\t"},
  {"type":"NameAttribute","value":"airoha"},
  {"type":"Punctuation","value":","},
  {"type":"NameAttribute","value":"eth"},
  {"type":"TextWhitespace","value":" "},
  {"type":"Operator","value":"="},
  {"type":"TextWhitespace","value":" "},
  {"type":"Operator","value":"\u003c"},
  {"type":"NameLabel","value":"\u0026eth"},
  {"type":"Operator","value":"\u003e"},
  {"type":"Punctuation","value":";"},
  {"type":"TextWhitespace","value":"\n\n\t\t\t"},
  {"type":"CommentSingle","value":"// 2.4 GHz\n"},
  {"type":"TextWhitespace","value":"\t\t\t"},
  {"type":"NameFunction","value":"band"},
  {"type":"Operator","value":"@"},
  {"type":"LiteralNumberInteger","value":"0"},
  {"type":"CommentMultiline","value":" "},
  {"type":"Punctuation","value":"{"},
  {"type":"TextWhitespace","value":"\n\t\t\t\t"},
  {"type":"NameAttribute","value":"reg"},
  {"type":"TextWhitespace","value":" "},
  {"type":"Operator","value":"="},
  {"type":"TextWhitespace","value":" "},
  {"type":"Operator","value":"\u003c"},
  {"type":"LiteralNumberInteger","value":"0"},
  {"type":"Operator","value":"\u003e"},
  {"type":"Punctuation","value":";"},
  {"type":"TextWhitespace","value":"\n\t\t\t\t"},
  {"type":"NameAttribute","value":"nvmem-cells"},
  {"type":"TextWhitespace","value":" "},
  {"type":"Operator","value":"="},
  {"type":"TextWhitespace","value":" "},
  {"type":"Operator","value":"\u003c"},
  {"type":"NameLabel","value":"\u0026wifi_macaddr"},
  {"type":"TextWhitespace","value":" "},
  {"type":"LiteralNumberInteger","value":"0"},
  {"type":"Operator","value":"\u003e"},
  {"type":"Punctuation","value":";"},
  {"type":"TextWhitespace","value":"\n\t\t\t\t"},
  {"type":"NameAttribute","value":"nvmem-cell-names"},
  {"type":"TextWhitespace","value":" "},
  {"type":"Operator","value":"="},
  {"type":"TextWhitespace","value":" "},
  {"type":"LiteralString","value":"\"mac-address\""},
  {"type":"Punctuation","value":";"},
  {"type":"TextWhitespace","value":"\n\t\t\t"},
  {"type":"Punctuation","value":"};"},
  {"type":"TextWhitespace","value":"\n\n\t\t\t"},
  {"type":"CommentSingle","value":"// 5 GHz\n"},
  {"type":"TextWhitespace","value":"\t\t\t"},
  {"type":"NameFunction","value":"band"},
  {"type":"Operator","value":"@"},
  {"type":"LiteralNumberInteger","value":"1"},
  {"type":"CommentMultiline","value":" "},
  {"type":"Punctuation","value":"{"},
  {"type":"TextWhitespace","value":"\n\t\t\t\t"},
  {"type":"NameAttribute","value":"reg"},
  {"type":"TextWhitespace","value":" "},
  {"type":"Operator","value":"="},
  {"type":"TextWhitespace","value":" "},
  {"type":"Operator","value":"\u003c"},
  {"type":"LiteralNumberInteger","value":"1"},
  {"type":"Operator","value":"\u003e"},
  {"type":"Punctuation","value":";"},
  {"type":"TextWhitespace","value":"\n\t\t\t\t"},
  {"type":"NameAttribute","value":"nvmem-cells"},
  {"type":"TextWhitespace","value":" "},
  {"type":"Operator","value":"="},
  {"type":"TextWhitespace","value":" "},
  {"type":"Operator","value":"\u003c"},
  {"type":"NameLabel","value":"\u0026wifi_macaddr"},
  {"type":"TextWhitespace","value":" "},
  {"type":"LiteralNumberInteger","value":"2"},
  {"type":"Operator","value":"\u003e"},
  {"type":"Punctuation","value":";"},
  {"type":"TextWhitespace","value":"\n\t\t\t\t"},
  {"type":"NameAttribute","value":"nvmem-cell-names"},
  {"type":"TextWhitespace","value":" "},
  {"type":"Operator","value":"="},
  {"type":"TextWhitespace","value":" "},
  {"type":"LiteralString","value":"\"mac-address\""},
  {"type":"Punctuation","value":";"},
  {"type":"TextWhitespace","value":"\n\t\t\t"},
  {"type":"Punctuation","value":"};"},
  {"type":"TextWhitespace","value":"\n\t\t"},
  {"type":"Punctuation","value":"};"},
  {"type":"TextWhitespace","value":"\n\t"},
  {"type":"Punctuation","value":"};"},
  {"type":"TextWhitespace","value":"\n"},
  {"type":"Punctuation","value":"};"},
  {"type":"TextWhitespace","value":"\n\n"},
  {"type":"NameLabel","value":"\u0026usb0"},
  {"type":"TextWhitespace","value":" "},
  {"type":"Punctuation","value":"{"},
  {"type":"TextWhitespace","value":"\n\t"},
  {"type":"KeywordReserved","value":"status"},
  {"type":"TextWhitespace","value":" "},
  {"type":"Operator","value":"="},
  {"type":"TextWhitespace","value":" "},
  {"type":"LiteralString","value":"\"okay\""},
  {"type":"Punctuation","value":";"},
  {"type":"TextWhitespace","value":"\n"},
  {"type":"Punctuation","value":"};"},
  {"type":"TextWhitespace","value":"\n\n"},
  {"type":"NameLabel","value":"\u0026i2c0"},
  {"type":"TextWhitespace","value":" "},
  {"type":"Punctuation","value":"{"},
  {"type":"TextWhitespace","value":"\n\t"},
  {"type":"KeywordReserved","value":"status"},
  {"type":"TextWhitespace","value":" "},
  {"type":"Operator","value":"="},
  {"type":"TextWhitespace","value":" "},
  {"type":"LiteralString","value":"\"okay\""},
  {"type":"Punctuation","value":";"},
  {"type":"TextWhitespace","value":"\n"},
  {"type":"Punctuation","value":"};"},
  {"type":"TextWhitespace","value":"\n\n"},
  {"type":"NameLabel","value":"\u0026npu"},
  {"type":"TextWhitespace","value":" "},
  {"type":"Punctuation","value":"{"},
  {"type":"TextWhitespace","value":"\n\t"},
  {"type":"KeywordReserved","value":"status"},
  {"type":"TextWhitespace","value":" "},
  {"type":"Operator","value":"="},
  {"type":"TextWhitespace","value":" "},
  {"type":"LiteralString","value":"\"okay\""},
  {"type":"Punctuation","value":";"},
  {"type":"TextWhitespace","value":"\n"},
  {"type":"Punctuation","value":"};"},
  {"type":"TextWhitespace","value":"\n\n"},
  {"type":"NameLabel","value":"\u0026eth"},
  {"type":"TextWhitespace","value":" "},
  {"type":"Punctuation","value":"{"},
  {"type":"TextWhitespace","value":"\n\t"},
  {"type":"KeywordReserved","value":"status"},
  {"type":"TextWhitespace","value":" "},
  {"type":"Operator","value":"="},
  {"type":"TextWhitespace","value":" "},
  {"type":"LiteralString","value":"\"okay\""},
  {"type":"Punctuation","value":";"},
  {"type":"TextWhitespace","value":"\n"},
  {"type":"Punctuation","value":"};"},
  {"type":"TextWhitespace","value":"\n\n"},
  {"type":"NameLabel","value":"\u0026gdm1"},
  {"type":"TextWhitespace","value":" "},
  {"type":"Punctuation","value":"{"},
  {"type":"TextWhitespace","value":"\n\t"},
  {"type":"KeywordReserved","value":"status"},
  {"type":"TextWhitespace","value":" "},
  {"type":"Operator","value":"="},
  {"type":"TextWhitespace","value":" "},
  {"type":"LiteralString","value":"\"okay\""},
  {"type":"Punctuation","value":";"},
  {"type":"TextWhitespace","value":"\n\n\t"},
  {"type":"NameAttribute","value":"nvmem-cells"},
  {"type":"TextWhitespace","value":" "},
  {"type":"Operator","value":"="},
  {"type":"TextWhitespace","value":" "},
  {"type":"Operator","value":"\u003c"},
  {"type":"NameLabel","value":"\u0026switch_macaddr"},
  {"type":"TextWhitespace","value":" "},
  {"type":"LiteralNumberInteger","value":"0"},
  {"type":"Operator","value":"\u003e"},
  {"type":"Punctuation","value":";"},
  {"type":"TextWhitespace","value":"\n\t"},
  {"type":"NameAttribute","value":"nvmem-cell-names"},
  {"type":"TextWhitespace","value":" "},
  {"type":"Operator","value":"="},
  {"type":"TextWhitespace","value":" "},
  {"type":"LiteralString","value":"\"mac-address\""},
  {"type":"Punctuation","value":";"},
  {"type":"TextWhitespace","value":"\n"},
  {"type":"Punctuation","value":"};"},
  {"type":"TextWhitespace","value":"\n\n"},
  {"type":"NameLabel","value":"\u0026switch"},
  {"type":"TextWhitespace","value":" "},
  {"type":"Punctuation","value":"{"},
  {"type":"TextWhitespace","value":"\n\t"},
  {"type":"KeywordReserved","value":"status"},
  {"type":"TextWhitespace","value":" "},
  {"type":"Operator","value":"="},
  {"type":"TextWhitespace","value":" "},
  {"type":"LiteralString","value":"\"okay\""},
  {"type":"Punctuation","value":";"},
  {"type":"TextWhitespace","value":"\n\t"},
  {"type":"NameFunction","value":"ports"},
  {"type":"CommentMultiline","value":" "},
  {"type":"Punctuation","value":"{"},
  {"type":"TextWhitespace","value":"\n\t\t"},
  {"type":"NameFunction","value":"port"},
  {"type":"Operator","value":"@"},
  {"type":"LiteralNumberInteger","value":"1"},
  {"type":"CommentMultiline","value":" "},
  {"type":"Punctuation","value":"{"},
  {"type":"TextWhitespace","value":"\n\t\t\t"},
  {"type":"NameAttribute","value":"label"},
  {"type":"TextWhitespace","value":" "},
  {"type":"Operator","value":"="},
  {"type":"TextWhitespace","value":" "},
  {"type":"LiteralString","value":"\"lan1\""},
  {"type":"Punctuation","value":";"},
  {"type":"TextWhitespace","value":"\n\t\t\t"},
  {"type":"KeywordReserved","value":"status"},
  {"type":"TextWhitespace","value":" "},
  {"type":"Operator","value":"="},
  {"type":"TextWhitespace","value":" "},
  {"type":"LiteralString","value":"\"okay\""},
  {"type":"Punctuation","value":";"},
  {"type":"TextWhitespace","value":"\n\t\t"},
  {"type":"Punctuation","value":"};"},
  {"type":"TextWhitespace","value":"\n\n\t\t"},
  {"type":"NameFunction","value":"port"},
  {"type":"Operator","value":"@"},
  {"type":"LiteralNumberInteger","value":"2"},
  {"type":"CommentMultiline","value":" "},
  {"type":"Punctuation","value":"{"},
  {"type":"TextWhitespace","value":"\n\t\t\t"},
  {"type":"NameAttribute","value":"label"},
  {"type":"TextWhitespace","value":" "},
  {"type":"Operator","value":"="},
  {"type":"TextWhitespace","value":" "},
  {"type":"LiteralString","value":"\"lan2\""},
  {"type":"Punctuation","value":";"},
  {"type":"TextWhitespace","value":"\n\t\t\t"},
  {"type":"KeywordReserved","value":"status"},
  {"type":"TextWhitespace","value":" "},
  {"type":"Operator","value":"="},
  {"type":"TextWhitespace","value":" "},
  {"type":"LiteralString","value":"\"okay\""},
  {"type":"Punctuation","value":";"},
  {"type":"TextWhitespace","value":"\n\t\t"},
  {"type":"Punctuation","value":"};"},
  {"type":"TextWhitespace","value":"\n\n\t\t"},
  {"type":"NameFunction","value":"port"},
  {"type":"Operator","value":"@"},
  {"type":"LiteralNumberInteger","value":"3"},
  {"type":"CommentMultiline","value":" "},
  {"type":"Punctuation","value":"{"},
  {"type":"TextWhitespace","value":"\n\t\t\t"},
  {"type":"NameAttribute","value":"label"},
  {"type":"TextWhitespace","value":" "},
  {"type":"Operator","value":"="},
  {"type":"TextWhitespace","value":" "},
  {"type":"LiteralString","value":"\"lan3\""},
  {"type":"Punctuation","value":";"},
  {"type":"TextWhitespace","value":"\n\t\t\t"},
  {"type":"KeywordReserved","value":"status"},
  {"type":"TextWhitespace","value":" "},
  {"type":"Operator","value":"="},
  {"type":"TextWhitespace","value":" "},
  {"type":"LiteralString","value":"\"okay\""},
  {"type":"Punctuation","value":";"},
  {"type":"TextWhitespace","value":"\n\t\t"},
  {"type":"Punctuation","value":"};"},
  {"type":"TextWhitespace","value":"\n\n\t\t"},
  {"type":"NameFunction","value":"port"},
  {"type":"Operator","value":"@"},
  {"type":"LiteralNumberInteger","value":"4"},
  {"type":"CommentMultiline","value":" "},
  {"type":"Punctuation","value":"{"},
  {"type":"TextWhitespace","value":"\n\t\t\t"},
  {"type":"NameAttribute","value":"label"},
  {"type":"TextWhitespace","value":" "},
  {"type":"Operator","value":"="},
  {"type":"TextWhitespace","value":" "},
  {"type":"LiteralString","value":"\"wan\""},
  {"type":"Punctuation","value":";"},
  {"type":"TextWhitespace","value":"\n\t\t\t"},
  {"type":"KeywordReserved","value":"status"},
  {"type":"TextWhitespace","value":" "},
  {"type":"Operator","value":"="},
  {"type":"TextWhitespace","value":" "},
  {"type":"LiteralString","value":"\"okay\""},
  {"type":"Punctuation","value":";"},
  {"type":"TextWhitespace","value":"\n\t\t"},
  {"type":"Punctuation","value":"};"},
  {"type":"TextWhitespace","value":"\n\n\t\t"},
  {"type":"NameFunction","value":"port"},
  {"type":"Operator","value":"@"},
  {"type":"LiteralNumberInteger","value":"6"},
  {"type":"CommentMultiline","value":" "},
  {"type":"Punctuation","value":"{"},
  {"type":"TextWhitespace","value":"\n\t\t\t"},
  {"type":"NameAttribute","value":"nvmem-cells"},
  {"type":"TextWhitespace","value":" "},
  {"type":"Operator","value":"="},
  {"type":"TextWhitespace","value":" "},
  {"type":"Operator","value":"\u003c"},
  {"type":"NameLabel","value":"\u0026switch_macaddr"},
  {"type":"TextWhitespace","value":" "},
  {"type":"LiteralNumberInteger","value":"0"},
  {"type":"Operator","value":"\u003e"},
  {"type":"Punctuation","value":";"},
  {"type":"TextWhitespace","value":"\n\t\t\t"},
  {"type":"NameAttribute","value":"nvmem-cell-names"},
  {"type":"TextWhitespace","value":" "},
  {"type":"Operator","value":"="},
  {"type":"TextWhitespace","value":" "},
  {"type":"LiteralString","value":"\"mac-address\""},
  {"type":"Punctuation","value":";"},
  {"type":"TextWhitespace","value":"\n\t\t"},
  {"type":"Punctuation","value":"};"},
  {"type":"TextWhitespace","value":"\n\t"},
  {"type":"Punctuation","value":"};"},
  {"type":"TextWhitespace","value":"\n"},
  {"type":"Punctuation","value":"};"},
  {"type":"TextWhitespace","value":"\n"}
]
