[
  {"type":"CommentSingle","value":"; config.g for a Duet 2 WiFi (RepRapFirmware)"},
  {"type":"TextWhitespace","value":"\n"},
  {"type":"Punctuation","value":"%"},
  {"type":"TextWhitespace","value":"\n"},
  {"type":"NameLabel","value":"N10"},
  {"type":"TextWhitespace","value":" "},
  {"type":"Keyword","value":"G21"},
  {"type":"TextWhitespace","value":" "},
  {"type":"CommentSingle","value":"; millimetres"},
  {"type":"TextWhitespace","value":"\n"},
  {"type":"Keyword","value":"G90"},
  {"type":"TextWhitespace","value":"\n"},
  {"type":"Keyword","value":"M83"},
  {"type":"TextWhitespace","value":" "},
  {"type":"Comment","value":"(relative extrusion)"},
  {"type":"TextWhitespace","value":"\n"},
  {"type":"Keyword","value":"M558"},
  {"type":"TextWhitespace","value":" "},
  {"type":"NameAttribute","value":"P"},
  {"type":"LiteralNumber","value":"8"},
  {"type":"TextWhitespace","value":" "},
  {"type":"NameAttribute","value":"C"},
  {"type":"LiteralStringDouble","value":"\"!^zprobe.in\""},
  {"type":"TextWhitespace","value":" "},
  {"type":"NameAttribute","value":"H"},
  {"type":"LiteralNumber","value":"5"},
  {"type":"TextWhitespace","value":" "},
  {"type":"NameAttribute","value":"F"},
  {"type":"LiteralNumber","value":"120"},
  {"type":"TextWhitespace","value":" "},
  {"type":"NameAttribute","value":"T"},
  {"type":"LiteralNumber","value":"6000"},
  {"type":"TextWhitespace","value":" "},
  {"type":"CommentSingle","value":"; normally closed probe"},
  {"type":"TextWhitespace","value":"\n"},
  {"type":"Keyword","value":"G31"},
  {"type":"TextWhitespace","value":" "},
  {"type":"NameAttribute","value":"P"},
  {"type":"LiteralNumber","value":"500"},
  {"type":"TextWhitespace","value":" "},
  {"type":"NameAttribute","value":"X"},
  {"type":"LiteralNumber","value":"0"},
  {"type":"TextWhitespace","value":" "},
  {"type":"NameAttribute","value":"Y"},
  {"type":"LiteralNumber","value":"0"},
  {"type":"TextWhitespace","value":" "},
  {"type":"NameAttribute","value":"Z"},
  {"type":"LiteralNumber","value":"1.25"},
  {"type":"TextWhitespace","value":"\n"},
  {"type":"Keyword","value":"M584"},
  {"type":"TextWhitespace","value":" "},
  {"type":"NameAttribute","value":"X"},
  {"type":"LiteralNumber","value":"0"},
  {"type":"TextWhitespace","value":" "},
  {"type":"NameAttribute","value":"Y"},
  {"type":"LiteralNumber","value":"1"},
  {"type":"TextWhitespace","value":" "},
  {"type":"NameAttribute","value":"Z"},
  {"type":"LiteralNumber","value":"2"},
  {"type":"TextWhitespace","value":" "},
  {"type":"NameAttribute","value":"E"},
  {"type":"LiteralNumber","value":"3:4"},
  {"type":"TextWhitespace","value":"\n"},
  {"type":"Keyword","value":"G1"},
  {"type":"TextWhitespace","value":" "},
  {"type":"NameAttribute","value":"X"},
  {"type":"LiteralNumber","value":"10.5"},
  {"type":"TextWhitespace","value":" "},
  {"type":"NameAttribute","value":"Y"},
  {"type":"LiteralNumber","value":"-3"},
  {"type":"TextWhitespace","value":" "},
  {"type":"NameAttribute","value":"F"},
  {"type":"LiteralNumber","value":"3000"},
  {"type":"TextWhitespace","value":"\n"},
  {"type":"NameAttribute","value":"X"},
  {"type":"LiteralNumber","value":"20"},
  {"type":"TextWhitespace","value":" "},
  {"type":"NameAttribute","value":"Y"},
  {"type":"LiteralNumber","value":"20"},
  {"type":"TextWhitespace","value":"\n"},
  {"type":"Keyword","value":"T0"},
  {"type":"TextWhitespace","value":"\n"},
  {"type":"Keyword","value":"M291"},
  {"type":"TextWhitespace","value":" "},
  {"type":"NameAttribute","value":"P"},
  {"type":"LiteralStringDouble","value":"\"Probe \"\"now\"\"?\""},
  {"type":"TextWhitespace","value":" "},
  {"type":"NameAttribute","value":"S"},
  {"type":"LiteralNumber","value":"3"},
  {"type":"TextWhitespace","value":"\n"},
  {"type":"Keyword","value":"if"},
  {"type":"TextWhitespace","value":" "},
  {"type":"Text","value":"move.axes[0].homed"},
  {"type":"TextWhitespace","value":"\n  "},
  {"type":"Keyword","value":"echo"},
  {"type":"TextWhitespace","value":" "},
  {"type":"LiteralStringDouble","value":"\"X is homed\""},
  {"type":"TextWhitespace","value":"\n"},
  {"type":"Keyword","value":"G28"},
  {"type":"TextWhitespace","value":" "},
  {"type":"LiteralStringOther","value":"{var.axis}"},
  {"type":"TextWhitespace","value":"\n"}
]
