[
  {"type":"Keyword","value":"import"},
  {"type":"TextWhitespace","value":" "},
  {"type":"Punctuation","value":"("},
  {"type":"LiteralString","value":"\"math\""},
  {"type":"TextWhitespace","value":" "},
  {"type":"LiteralString","value":"\"testing\""},
  {"type":"Punctuation","value":")"},
  {"type":"TextWhitespace","value":"\n\n"},
  {"type":"LiteralStringDoc","value":"#! Build a typed user score."},
  {"type":"TextWhitespace","value":"\n"},
  {"type":"Keyword","value":"fn"},
  {"type":"TextWhitespace","value":" "},
  {"type":"NameFunction","value":"score"},
  {"type":"Punctuation","value":"("},
  {"type":"Name","value":"name"},
  {"type":"Operator","value":":"},
  {"type":"TextWhitespace","value":" "},
  {"type":"KeywordType","value":"Str"},
  {"type":"TextWhitespace","value":" "},
  {"type":"Name","value":"count"},
  {"type":"Operator","value":":"},
  {"type":"TextWhitespace","value":" "},
  {"type":"KeywordType","value":"Int"},
  {"type":"TextWhitespace","value":" "},
  {"type":"Name","value":"scale"},
  {"type":"Operator","value":":"},
  {"type":"TextWhitespace","value":" "},
  {"type":"KeywordType","value":"Double"},
  {"type":"Punctuation","value":")"},
  {"type":"TextWhitespace","value":" "},
  {"type":"KeywordType","value":"Option"},
  {"type":"Punctuation","value":"\u003c"},
  {"type":"KeywordType","value":"Record"},
  {"type":"Punctuation","value":"\u003c"},
  {"type":"Name","value":"name"},
  {"type":"Operator","value":":"},
  {"type":"TextWhitespace","value":" "},
  {"type":"KeywordType","value":"Str"},
  {"type":"TextWhitespace","value":" "},
  {"type":"Name","value":"age"},
  {"type":"Operator","value":":"},
  {"type":"TextWhitespace","value":" "},
  {"type":"KeywordType","value":"Int"},
  {"type":"Punctuation","value":"\u003e\u003e"},
  {"type":"TextWhitespace","value":" "},
  {"type":"Punctuation","value":"{"},
  {"type":"TextWhitespace","value":"\n    "},
  {"type":"KeywordDeclaration","value":"let"},
  {"type":"TextWhitespace","value":" "},
  {"type":"Name","value":"label"},
  {"type":"TextWhitespace","value":" "},
  {"type":"Operator","value":"="},
  {"type":"TextWhitespace","value":" "},
  {"type":"LiteralString","value":"\"garden"},
  {"type":"LiteralStringEscape","value":"\\n"},
  {"type":"LiteralString","value":"\""},
  {"type":"TextWhitespace","value":" "},
  {"type":"CommentSingle","value":"# ordinary comment"},
  {"type":"TextWhitespace","value":"\n    "},
  {"type":"KeywordDeclaration","value":"let"},
  {"type":"TextWhitespace","value":" "},
  {"type":"Name","value":"user"},
  {"type":"TextWhitespace","value":" "},
  {"type":"Operator","value":"="},
  {"type":"TextWhitespace","value":" "},
  {"type":"Punctuation","value":"{"},
  {"type":"TextWhitespace","value":" "},
  {"type":"Name","value":"name"},
  {"type":"Operator","value":":"},
  {"type":"TextWhitespace","value":" "},
  {"type":"Name","value":"label"},
  {"type":"TextWhitespace","value":" "},
  {"type":"Name","value":"age"},
  {"type":"Operator","value":":"},
  {"type":"TextWhitespace","value":" "},
  {"type":"Name","value":"count"},
  {"type":"TextWhitespace","value":" "},
  {"type":"Punctuation","value":"}"},
  {"type":"TextWhitespace","value":"\n    "},
  {"type":"KeywordDeclaration","value":"let"},
  {"type":"TextWhitespace","value":" "},
  {"type":"Name","value":"ages"},
  {"type":"TextWhitespace","value":" "},
  {"type":"Operator","value":"="},
  {"type":"TextWhitespace","value":" "},
  {"type":"Punctuation","value":"["},
  {"type":"Name","value":"count"},
  {"type":"TextWhitespace","value":" "},
  {"type":"LiteralNumberInteger","value":"1"},
  {"type":"TextWhitespace","value":" "},
  {"type":"LiteralNumberInteger","value":"2"},
  {"type":"Punctuation","value":"]"},
  {"type":"TextWhitespace","value":"\n    "},
  {"type":"KeywordDeclaration","value":"let"},
  {"type":"TextWhitespace","value":" "},
  {"type":"Name","value":"points"},
  {"type":"TextWhitespace","value":" "},
  {"type":"Operator","value":"="},
  {"type":"TextWhitespace","value":" "},
  {"type":"Name","value":"count"},
  {"type":"TextWhitespace","value":" "},
  {"type":"Operator","value":"*"},
  {"type":"TextWhitespace","value":" "},
  {"type":"LiteralNumberInteger","value":"2"},
  {"type":"TextWhitespace","value":" "},
  {"type":"Operator","value":"+"},
  {"type":"TextWhitespace","value":" "},
  {"type":"LiteralNumberFloat","value":"3.14"},
  {"type":"TextWhitespace","value":" "},
  {"type":"Keyword","value":"as"},
  {"type":"TextWhitespace","value":" "},
  {"type":"KeywordType","value":"Double"},
  {"type":"TextWhitespace","value":"\n    "},
  {"type":"Keyword","value":"match"},
  {"type":"TextWhitespace","value":" "},
  {"type":"Punctuation","value":"{"},
  {"type":"TextWhitespace","value":"\n        "},
  {"type":"Name","value":"count"},
  {"type":"TextWhitespace","value":" "},
  {"type":"Operator","value":"=="},
  {"type":"TextWhitespace","value":" "},
  {"type":"LiteralNumberInteger","value":"0"},
  {"type":"TextWhitespace","value":" "},
  {"type":"Punctuation","value":"{"},
  {"type":"TextWhitespace","value":" "},
  {"type":"KeywordConstant","value":"false"},
  {"type":"TextWhitespace","value":" "},
  {"type":"Keyword","value":"as"},
  {"type":"TextWhitespace","value":" "},
  {"type":"KeywordType","value":"Bool"},
  {"type":"TextWhitespace","value":" "},
  {"type":"Punctuation","value":"}"},
  {"type":"TextWhitespace","value":"\n        "},
  {"type":"Punctuation","value":"{"},
  {"type":"TextWhitespace","value":" "},
  {"type":"Name","value":"math"},
  {"type":"Operator","value":"."},
  {"type":"Name","value":"round"},
  {"type":"Punctuation","value":"("},
  {"type":"Name","value":"scale"},
  {"type":"Punctuation","value":")"},
  {"type":"TextWhitespace","value":" "},
  {"type":"Operator","value":"+"},
  {"type":"TextWhitespace","value":" "},
  {"type":"Name","value":"user"},
  {"type":"Operator","value":"."},
  {"type":"Name","value":"age"},
  {"type":"TextWhitespace","value":" "},
  {"type":"Operator","value":"+"},
  {"type":"TextWhitespace","value":" "},
  {"type":"Name","value":"ages"},
  {"type":"Operator","value":"."},
  {"type":"Name","value":"len"},
  {"type":"Punctuation","value":"()"},
  {"type":"TextWhitespace","value":" "},
  {"type":"Punctuation","value":"}"},
  {"type":"TextWhitespace","value":"\n    "},
  {"type":"Punctuation","value":"}"},
  {"type":"TextWhitespace","value":"\n"},
  {"type":"Punctuation","value":"}"},
  {"type":"TextWhitespace","value":"\n\n"},
  {"type":"Keyword","value":"extern"},
  {"type":"TextWhitespace","value":" "},
  {"type":"LiteralString","value":"\"counter\""},
  {"type":"TextWhitespace","value":" "},
  {"type":"Punctuation","value":"{"},
  {"type":"TextWhitespace","value":"\n    "},
  {"type":"LiteralStringDoc","value":"#! Create a counter."},
  {"type":"TextWhitespace","value":"\n    "},
  {"type":"Keyword","value":"fn"},
  {"type":"TextWhitespace","value":" "},
  {"type":"NameFunction","value":"new"},
  {"type":"Punctuation","value":"("},
  {"type":"Name","value":"value"},
  {"type":"Operator","value":":"},
  {"type":"TextWhitespace","value":" "},
  {"type":"KeywordType","value":"Int"},
  {"type":"Punctuation","value":")"},
  {"type":"TextWhitespace","value":" "},
  {"type":"KeywordType","value":"Foreign"},
  {"type":"Punctuation","value":"\u003c"},
  {"type":"NameClass","value":"Counter"},
  {"type":"Punctuation","value":"\u003e"},
  {"type":"TextWhitespace","value":"\n    "},
  {"type":"Keyword","value":"fn"},
  {"type":"TextWhitespace","value":" "},
  {"type":"NameFunction","value":"get"},
  {"type":"Punctuation","value":"("},
  {"type":"Name","value":"counter"},
  {"type":"Operator","value":":"},
  {"type":"TextWhitespace","value":" "},
  {"type":"KeywordType","value":"Foreign"},
  {"type":"Punctuation","value":"\u003c"},
  {"type":"NameClass","value":"Counter"},
  {"type":"Punctuation","value":"\u003e)"},
  {"type":"TextWhitespace","value":" "},
  {"type":"KeywordType","value":"Int"},
  {"type":"TextWhitespace","value":"\n"},
  {"type":"Punctuation","value":"}"},
  {"type":"TextWhitespace","value":"\n\n"},
  {"type":"KeywordDeclaration","value":"let"},
  {"type":"TextWhitespace","value":" "},
  {"type":"Name","value":"active"},
  {"type":"TextWhitespace","value":" "},
  {"type":"Operator","value":"="},
  {"type":"TextWhitespace","value":" "},
  {"type":"KeywordConstant","value":"true"},
  {"type":"TextWhitespace","value":"\n"}
]
