[
  {"type":"LiteralNumberInteger","value":"1_000_000"},
  {"type":"Text","value":"\n"},
  {"type":"LiteralNumberInteger","value":"1__000000"},
  {"type":"Text","value":"\n"},
  {"type":"LiteralNumberInteger","value":"1000000"},
  {"type":"Name","value":"_"},
  {"type":"Text","value":"\n"},
  {"type":"NameFunction","value":"_1000000"},
  {"type":"Text","value":"\n\n"},
  {"type":"LiteralNumberFloat","value":"0.0001"},
  {"type":"Text","value":"\n"},
  {"type":"LiteralNumberFloat","value":"0.000_1"},
  {"type":"Text","value":"\n"},
  {"type":"LiteralNumberInteger","value":"0"},
  {"type":"Name","value":"_"},
  {"type":"Operator","value":"."},
  {"type":"LiteralNumberInteger","value":"0001"},
  {"type":"Text","value":"\n"},
  {"type":"NameFunction","value":"_0"},
  {"type":"Operator","value":"."},
  {"type":"LiteralNumberInteger","value":"0001"},
  {"type":"Text","value":"\n"},
  {"type":"LiteralNumberInteger","value":"0"},
  {"type":"Operator","value":"."},
  {"type":"Name","value":"_0001"},
  {"type":"Text","value":"\n"},
  {"type":"LiteralNumberFloat","value":"0.0001"},
  {"type":"Name","value":"_"},
  {"type":"Text","value":"\n\n"},
  {"type":"LiteralNumberFloat","value":"1e+23"},
  {"type":"Text","value":"\n"},
  {"type":"LiteralNumberFloat","value":"1_e+23"},
  {"type":"Text","value":"\n"},
  {"type":"LiteralNumberFloat","value":"1__e+23"},
  {"type":"Text","value":"\n"},
  {"type":"LiteralNumberInteger","value":"1"},
  {"type":"Name","value":"e_"},
  {"type":"Operator","value":"+"},
  {"type":"LiteralNumberInteger","value":"23"},
  {"type":"Text","value":"\n\n"},
  {"type":"LiteralNumberFloat","value":"1e+23"},
  {"type":"Text","value":"\n"},
  {"type":"LiteralNumberInteger","value":"1"},
  {"type":"Name","value":"e"},
  {"type":"Operator","value":"+"},
  {"type":"Name","value":"_23"},
  {"type":"Text","value":"\n"},
  {"type":"LiteralNumberFloat","value":"1e+23"},
  {"type":"Name","value":"_"},
  {"type":"Text","value":"\n\n"},
  {"type":"LiteralNumberInteger","value":"0"},
  {"type":"Name","value":"x"},
  {"type":"Text","value":"\n"},
  {"type":"LiteralNumberHex","value":"0xffff"},
  {"type":"Text","value":"\n"},
  {"type":"LiteralNumberHex","value":"0xff_ff"},
  {"type":"Text","value":"\n"},
  {"type":"LiteralNumberHex","value":"0x_ffff"},
  {"type":"Text","value":"\n"},
  {"type":"LiteralNumberHex","value":"0x__ffff"},
  {"type":"Text","value":"\n"},
  {"type":"NameFunction","value":"_0xffff"},
  {"type":"Text","value":"\n\n"},
  {"type":"LiteralNumberInteger","value":"0"},
  {"type":"Name","value":"b"},
  {"type":"Text","value":"\n"},
  {"type":"LiteralNumberBin","value":"0b01_0000__0000"},
  {"type":"Text","value":"\n"},
  {"type":"LiteralNumberBin","value":"0b01"},
  {"type":"Name","value":"_"},
  {"type":"Text","value":"\n"},
  {"type":"LiteralNumberBin","value":"0b_01"},
  {"type":"Text","value":"\n"},
  {"type":"LiteralNumberBin","value":"0b__01"},
  {"type":"Text","value":"\n\n"},
  {"type":"LiteralNumberFloat","value":"3.141_592_653_589_793"},
  {"type":"Text","value":"\n"},
  {"type":"LiteralNumberFloat","value":"96_485.332_89"},
  {"type":"Text","value":"\n"},
  {"type":"LiteralNumberFloat","value":"6.022_140_857e+23"},
  {"type":"Text","value":"\n\n"},
  {"type":"LiteralNumberInteger","value":"0"},
  {"type":"Name","value":"o"},
  {"type":"Text","value":"\n"},
  {"type":"LiteralNumberOct","value":"0o7_77"},
  {"type":"Text","value":"\n"},
  {"type":"LiteralNumberOct","value":"0o700"},
  {"type":"Name","value":"_"},
  {"type":"Text","value":"\n"},
  {"type":"LiteralNumberOct","value":"0o_700"},
  {"type":"Text","value":"\n"},
  {"type":"LiteralNumberOct","value":"0o__700"},
  {"type":"Text","value":"\n"}
]
