[
  {"type":"Comment","value":"(* Example theory, exercising common Isar syntax. (* nested comment *) *)"},
  {"type":"TextWhitespace","value":"\n"},
  {"type":"Keyword","value":"theory"},
  {"type":"TextWhitespace","value":" "},
  {"type":"Name","value":"Example"},
  {"type":"TextWhitespace","value":"\n  "},
  {"type":"KeywordPseudo","value":"imports"},
  {"type":"TextWhitespace","value":" "},
  {"type":"Name","value":"Main"},
  {"type":"TextWhitespace","value":"\n"},
  {"type":"Keyword","value":"begin"},
  {"type":"TextWhitespace","value":"\n\n"},
  {"type":"GenericSubheading","value":"section"},
  {"type":"TextWhitespace","value":" "},
  {"type":"LiteralString","value":"‹Trees›"},
  {"type":"TextWhitespace","value":"\n\n"},
  {"type":"Keyword","value":"datatype"},
  {"type":"TextWhitespace","value":" "},
  {"type":"NameDecorator","value":"'a"},
  {"type":"TextWhitespace","value":" "},
  {"type":"Name","value":"tree"},
  {"type":"TextWhitespace","value":" "},
  {"type":"Operator","value":"="},
  {"type":"TextWhitespace","value":" "},
  {"type":"Name","value":"Leaf"},
  {"type":"TextWhitespace","value":" "},
  {"type":"Operator","value":"|"},
  {"type":"TextWhitespace","value":" "},
  {"type":"Name","value":"Node"},
  {"type":"TextWhitespace","value":" "},
  {"type":"LiteralString","value":"\"'a tree\""},
  {"type":"TextWhitespace","value":" "},
  {"type":"NameDecorator","value":"'a"},
  {"type":"TextWhitespace","value":" "},
  {"type":"LiteralString","value":"\"'a tree\""},
  {"type":"TextWhitespace","value":"\n\n"},
  {"type":"Keyword","value":"fun"},
  {"type":"TextWhitespace","value":" "},
  {"type":"Name","value":"mirror"},
  {"type":"TextWhitespace","value":" "},
  {"type":"Operator","value":"::"},
  {"type":"TextWhitespace","value":" "},
  {"type":"LiteralString","value":"\"'a tree "},
  {"type":"LiteralStringSymbol","value":"\\\u003cRightarrow\u003e"},
  {"type":"LiteralString","value":" 'a tree\""},
  {"type":"TextWhitespace","value":" "},
  {"type":"KeywordPseudo","value":"where"},
  {"type":"TextWhitespace","value":"\n  "},
  {"type":"LiteralString","value":"\"mirror Leaf = Leaf\""},
  {"type":"TextWhitespace","value":"\n"},
  {"type":"Operator","value":"|"},
  {"type":"TextWhitespace","value":" "},
  {"type":"LiteralString","value":"\"mirror (Node l x r) = Node (mirror r) x (mirror l)\""},
  {"type":"TextWhitespace","value":"\n\n"},
  {"type":"KeywordNamespace","value":"lemma"},
  {"type":"TextWhitespace","value":" "},
  {"type":"Name","value":"mirror_mirror"},
  {"type":"Operator","value":":"},
  {"type":"TextWhitespace","value":" "},
  {"type":"LiteralString","value":"\"mirror (mirror t) = t\""},
  {"type":"TextWhitespace","value":"\n  "},
  {"type":"Keyword","value":"by"},
  {"type":"TextWhitespace","value":" "},
  {"type":"Operator","value":"("},
  {"type":"Name","value":"induction"},
  {"type":"TextWhitespace","value":" "},
  {"type":"Name","value":"t"},
  {"type":"Operator","value":")"},
  {"type":"TextWhitespace","value":" "},
  {"type":"Name","value":"auto"},
  {"type":"TextWhitespace","value":"\n\n"},
  {"type":"Keyword","value":"definition"},
  {"type":"TextWhitespace","value":" "},
  {"type":"Name","value":"magic"},
  {"type":"TextWhitespace","value":" "},
  {"type":"Operator","value":"::"},
  {"type":"TextWhitespace","value":" "},
  {"type":"Name","value":"nat"},
  {"type":"TextWhitespace","value":" "},
  {"type":"KeywordPseudo","value":"where"},
  {"type":"TextWhitespace","value":" "},
  {"type":"LiteralString","value":"\"magic = 0x2A\""},
  {"type":"TextWhitespace","value":"\n\n"},
  {"type":"KeywordNamespace","value":"theorem"},
  {"type":"TextWhitespace","value":" "},
  {"type":"Name","value":"obvious"},
  {"type":"Operator","value":":"},
  {"type":"TextWhitespace","value":"\n  "},
  {"type":"KeywordPseudo","value":"fixes"},
  {"type":"TextWhitespace","value":" "},
  {"type":"Name","value":"x"},
  {"type":"TextWhitespace","value":" "},
  {"type":"Operator","value":"::"},
  {"type":"TextWhitespace","value":" "},
  {"type":"NameDecorator","value":"'a"},
  {"type":"TextWhitespace","value":"\n  "},
  {"type":"KeywordPseudo","value":"shows"},
  {"type":"TextWhitespace","value":" "},
  {"type":"LiteralString","value":"\"x = x\""},
  {"type":"TextWhitespace","value":"\n"},
  {"type":"Keyword","value":"proof"},
  {"type":"TextWhitespace","value":" "},
  {"type":"Operator","value":"-"},
  {"type":"TextWhitespace","value":"\n  "},
  {"type":"Keyword","value":"show"},
  {"type":"TextWhitespace","value":" "},
  {"type":"NameVariable","value":"?thesis"},
  {"type":"TextWhitespace","value":" "},
  {"type":"Keyword","value":"by"},
  {"type":"TextWhitespace","value":" "},
  {"type":"Name","value":"simp"},
  {"type":"TextWhitespace","value":"\n"},
  {"type":"Keyword","value":"qed"},
  {"type":"TextWhitespace","value":"\n\n"},
  {"type":"KeywordNamespace","value":"lemma"},
  {"type":"TextWhitespace","value":" "},
  {"type":"Name","value":"unfinished"},
  {"type":"Operator","value":":"},
  {"type":"TextWhitespace","value":" "},
  {"type":"LiteralString","value":"\"magic = 42\""},
  {"type":"TextWhitespace","value":"\n  "},
  {"type":"KeywordPseudo","value":"apply"},
  {"type":"TextWhitespace","value":" "},
  {"type":"Operator","value":"("},
  {"type":"Name","value":"simp"},
  {"type":"TextWhitespace","value":" "},
  {"type":"Name","value":"add"},
  {"type":"Operator","value":":"},
  {"type":"TextWhitespace","value":" "},
  {"type":"Name","value":"magic_def"},
  {"type":"Operator","value":")"},
  {"type":"TextWhitespace","value":"\n  "},
  {"type":"GenericError","value":"oops"},
  {"type":"TextWhitespace","value":"\n\n"},
  {"type":"KeywordType","value":"value"},
  {"type":"TextWhitespace","value":" "},
  {"type":"LiteralString","value":"\"mirror (Node Leaf (1::nat) Leaf)\""},
  {"type":"TextWhitespace","value":"\n"},
  {"type":"KeywordType","value":"thm"},
  {"type":"TextWhitespace","value":" "},
  {"type":"Name","value":"mirror_mirror"},
  {"type":"TextWhitespace","value":"\n\n"},
  {"type":"Keyword","value":"text"},
  {"type":"TextWhitespace","value":" "},
  {"type":"LiteralString","value":"‹A cartouche with "},
  {"type":"LiteralStringSymbol","value":"\\\u003copen\u003e"},
  {"type":"LiteralString","value":"nested text"},
  {"type":"LiteralStringSymbol","value":"\\\u003cclose\u003e"},
  {"type":"LiteralString","value":" and symbols "},
  {"type":"LiteralStringSymbol","value":"\\\u003calpha\u003e"},
  {"type":"LiteralString","value":" "},
  {"type":"LiteralStringSymbol","value":"\\\u003cLongrightarrow\u003e"},
  {"type":"LiteralString","value":" ‹inner›.›"},
  {"type":"TextWhitespace","value":"\n\n"},
  {"type":"Keyword","value":"notepad"},
  {"type":"TextWhitespace","value":"\n"},
  {"type":"Keyword","value":"begin"},
  {"type":"TextWhitespace","value":"\n  "},
  {"type":"Keyword","value":"have"},
  {"type":"TextWhitespace","value":" "},
  {"type":"LiteralString","value":"\"True\""},
  {"type":"TextWhitespace","value":" "},
  {"type":"OperatorWord","value":".."},
  {"type":"TextWhitespace","value":"\n  "},
  {"type":"Keyword","value":"then"},
  {"type":"TextWhitespace","value":" "},
  {"type":"Keyword","value":"obtain"},
  {"type":"TextWhitespace","value":" "},
  {"type":"Name","value":"b"},
  {"type":"TextWhitespace","value":" "},
  {"type":"KeywordPseudo","value":"where"},
  {"type":"TextWhitespace","value":" "},
  {"type":"LiteralString","value":"\"b = True\""},
  {"type":"TextWhitespace","value":" "},
  {"type":"Keyword","value":"by"},
  {"type":"TextWhitespace","value":" "},
  {"type":"Name","value":"blast"},
  {"type":"TextWhitespace","value":"\n"},
  {"type":"Keyword","value":"end"},
  {"type":"TextWhitespace","value":"\n\n"},
  {"type":"Keyword","value":"end"},
  {"type":"TextWhitespace","value":"\n"}
]
