[
  {"type":"KeywordNamespace","value":"package"},
  {"type":"Text","value":" "},
  {"type":"NameNamespace","value":"example"},
  {"type":"Operator","value":";"},
  {"type":"Text","value":"\n\n"},
  {"type":"KeywordNamespace","value":"import"},
  {"type":"Text","value":" "},
  {"type":"NameNamespace","value":"com.oracle.svm.core.annotate.Alias"},
  {"type":"Operator","value":";"},
  {"type":"Text","value":"\n"},
  {"type":"KeywordNamespace","value":"import"},
  {"type":"Text","value":" "},
  {"type":"NameNamespace","value":"com.oracle.svm.core.annotate.RecomputeFieldValue"},
  {"type":"Operator","value":";"},
  {"type":"Text","value":"\n"},
  {"type":"KeywordNamespace","value":"import"},
  {"type":"Text","value":" "},
  {"type":"NameNamespace","value":"com.oracle.svm.core.annotate.Targetclass"},
  {"type":"Operator","value":";"},
  {"type":"Text","value":"\n\n"},
  {"type":"NameDecorator","value":"@TargetClass"},
  {"type":"Operator","value":"("},
  {"type":"Name","value":"className"},
  {"type":"Text","value":" "},
  {"type":"Operator","value":"="},
  {"type":"Text","value":" "},
  {"type":"LiteralString","value":"\"io.netty.util.internal.cleanerJava6\""},
  {"type":"Operator","value":")"},
  {"type":"Text","value":"\n"},
  {"type":"KeywordDeclaration","value":"final"},
  {"type":"Text","value":" "},
  {"type":"KeywordDeclaration","value":"class"},
  {"type":"Text","value":" "},
  {"type":"NameClass","value":"TargetCleanerJava6"},
  {"type":"Text","value":" "},
  {"type":"Operator","value":"{"},
  {"type":"Text","value":"\n    "},
  {"type":"NameDecorator","value":"@Alias"},
  {"type":"Text","value":"\n    "},
  {"type":"NameDecorator","value":"@RecomputeFieldValue"},
  {"type":"Operator","value":"("},
  {"type":"Name","value":"kind"},
  {"type":"Text","value":" "},
  {"type":"Operator","value":"="},
  {"type":"Text","value":" "},
  {"type":"Name","value":"RecomputeFieldValue"},
  {"type":"Operator","value":"."},
  {"type":"NameAttribute","value":"Kind"},
  {"type":"Operator","value":"."},
  {"type":"NameAttribute","value":"Fieldoffset"},
  {"type":"Operator","value":","},
  {"type":"Text","value":" "},
  {"type":"Name","value":"declClassName"},
  {"type":"Text","value":" "},
  {"type":"Operator","value":"="},
  {"type":"Text","value":" "},
  {"type":"LiteralString","value":"\"java.nio.DirectBy\""},
  {"type":"Operator","value":")"},
  {"type":"Text","value":"\n    "},
  {"type":"KeywordDeclaration","value":"private"},
  {"type":"Text","value":" "},
  {"type":"KeywordDeclaration","value":"static"},
  {"type":"Text","value":" "},
  {"type":"KeywordType","value":"long"},
  {"type":"Text","value":" "},
  {"type":"Name","value":"CLEANER_FIELD_OFFSET"},
  {"type":"Operator","value":";"},
  {"type":"Text","value":"\n"},
  {"type":"Operator","value":"}"},
  {"type":"Text","value":"\n\n"},
  {"type":"NameDecorator","value":"@TargetClass"},
  {"type":"Operator","value":"("},
  {"type":"Name","value":"className"},
  {"type":"Text","value":" "},
  {"type":"Operator","value":"="},
  {"type":"Text","value":" "},
  {"type":"LiteralString","value":"\"io.netty.util.internal.PlatformDependent0\""},
  {"type":"Operator","value":")"},
  {"type":"Text","value":"\n"},
  {"type":"KeywordDeclaration","value":"final"},
  {"type":"Text","value":" "},
  {"type":"KeywordDeclaration","value":"class"},
  {"type":"Text","value":" "},
  {"type":"NameClass","value":"TargetPlatformDependent0"},
  {"type":"Text","value":" "},
  {"type":"Operator","value":"{"},
  {"type":"Text","value":"\n    "},
  {"type":"NameDecorator","value":"@Alias"},
  {"type":"Text","value":"\n    "},
  {"type":"NameDecorator","value":"@RecomputeFieldValue"},
  {"type":"Operator","value":"("},
  {"type":"Name","value":"kind"},
  {"type":"Text","value":" "},
  {"type":"Operator","value":"="},
  {"type":"Text","value":" "},
  {"type":"Name","value":"RecomputeFieldValue"},
  {"type":"Operator","value":"."},
  {"type":"NameAttribute","value":"Kind"},
  {"type":"Operator","value":"."},
  {"type":"NameAttribute","value":"Fieldoffset"},
  {"type":"Operator","value":","},
  {"type":"Text","value":" "},
  {"type":"Name","value":"declClassName"},
  {"type":"Text","value":" "},
  {"type":"Operator","value":"="},
  {"type":"Text","value":" "},
  {"type":"LiteralString","value":"\"java.nio.Buffer\""},
  {"type":"Operator","value":","},
  {"type":"Text","value":" "},
  {"type":"Name","value":"rest"},
  {"type":"Text","value":" "},
  {"type":"Operator","value":"="},
  {"type":"Text","value":" "},
  {"type":"LiteralString","value":"\"IDK\""},
  {"type":"Operator","value":")"},
  {"type":"Text","value":"\n    "},
  {"type":"KeywordDeclaration","value":"private"},
  {"type":"Text","value":" "},
  {"type":"KeywordDeclaration","value":"static"},
  {"type":"Text","value":" "},
  {"type":"KeywordType","value":"long"},
  {"type":"Text","value":" "},
  {"type":"Name","value":"ADDRESS_FIELD_OFFSET"},
  {"type":"Operator","value":";"},
  {"type":"Text","value":"\n"},
  {"type":"Operator","value":"}"},
  {"type":"Text","value":"\n\n"},
  {"type":"NameDecorator","value":"@TargetClass"},
  {"type":"Operator","value":"("},
  {"type":"Name","value":"io"},
  {"type":"Operator","value":"."},
  {"type":"NameAttribute","value":"netty"},
  {"type":"Operator","value":"."},
  {"type":"NameAttribute","value":"util"},
  {"type":"Operator","value":"."},
  {"type":"NameAttribute","value":"internal"},
  {"type":"Operator","value":"."},
  {"type":"NameAttribute","value":"shaded"},
  {"type":"Operator","value":"."},
  {"type":"NameAttribute","value":"org"},
  {"type":"Operator","value":"."},
  {"type":"NameAttribute","value":"jctools"},
  {"type":"Operator","value":"."},
  {"type":"NameAttribute","value":"util"},
  {"type":"Operator","value":"."},
  {"type":"NameAttribute","value":"UnsafeRefArrayAccess"},
  {"type":"Operator","value":"."},
  {"type":"NameAttribute","value":"class"},
  {"type":"Operator","value":")"},
  {"type":"Text","value":"\n"},
  {"type":"KeywordDeclaration","value":"final"},
  {"type":"Text","value":" "},
  {"type":"KeywordDeclaration","value":"class"},
  {"type":"Text","value":" "},
  {"type":"NameClass","value":"TargetUnsafeRefArrayAccess"},
  {"type":"Text","value":" "},
  {"type":"Operator","value":"{"},
  {"type":"Text","value":"\n    "},
  {"type":"NameDecorator","value":"@Alias"},
  {"type":"Text","value":"\n    "},
  {"type":"NameDecorator","value":"@RecomputeFieldValue"},
  {"type":"Operator","value":"("},
  {"type":"Name","value":"kind"},
  {"type":"Text","value":" "},
  {"type":"Operator","value":"="},
  {"type":"Text","value":" "},
  {"type":"Name","value":"RecomputeFieldValue"},
  {"type":"Operator","value":"."},
  {"type":"NameAttribute","value":"Kind"},
  {"type":"Operator","value":"."},
  {"type":"NameAttribute","value":"ArrayIndexShift"},
  {"type":"Operator","value":","},
  {"type":"Text","value":" "},
  {"type":"Name","value":"declClass"},
  {"type":"Text","value":" "},
  {"type":"Operator","value":"="},
  {"type":"Text","value":" "},
  {"type":"Name","value":"Object"},
  {"type":"Operator","value":"[]."},
  {"type":"NameAttribute","value":"class"},
  {"type":"Operator","value":")"},
  {"type":"Text","value":"\n    "},
  {"type":"KeywordDeclaration","value":"public"},
  {"type":"Text","value":" "},
  {"type":"KeywordDeclaration","value":"static"},
  {"type":"Text","value":" "},
  {"type":"KeywordType","value":"int"},
  {"type":"Text","value":" "},
  {"type":"Name","value":"REF_ELEMENT_SHIFT"},
  {"type":"Operator","value":";"},
  {"type":"Text","value":"\n"},
  {"type":"Operator","value":"}"},
  {"type":"Text","value":"\n"}
]
