[
  {"type":"Punctuation","value":"("},
  {"type":"Keyword","value":"program "},
  {"type":"LiteralString","value":"1.0.0"},
  {"type":"Text","value":"\n    "},
  {"type":"Punctuation","value":"["},
  {"type":"Text","value":"\n        "},
  {"type":"Punctuation","value":"("},
  {"type":"Keyword","value":"lam "},
  {"type":"Name","value":"f"},
  {"type":"Text","value":" "},
  {"type":"Punctuation","value":"("},
  {"type":"Keyword","value":"all "},
  {"type":"Name","value":"b"},
  {"type":"Text","value":" "},
  {"type":"Punctuation","value":"("},
  {"type":"Keyword","value":"type"},
  {"type":"Punctuation","value":")"},
  {"type":"Text","value":" "},
  {"type":"Punctuation","value":"("},
  {"type":"Keyword","value":"fun "},
  {"type":"Name","value":"b"},
  {"type":"Text","value":" "},
  {"type":"Name","value":"b"},
  {"type":"Punctuation","value":"))"},
  {"type":"Text","value":" "},
  {"type":"Punctuation","value":"[{"},
  {"type":"Name","value":"f"},
  {"type":"Text","value":" "},
  {"type":"Punctuation","value":"("},
  {"type":"Keyword","value":"con "},
  {"type":"KeywordType","value":"integer"},
  {"type":"Punctuation","value":")}"},
  {"type":"Text","value":" "},
  {"type":"Punctuation","value":"("},
  {"type":"Keyword","value":"con "},
  {"type":"KeywordType","value":"integer"},
  {"type":"Text","value":" "},
  {"type":"LiteralNumberInteger","value":"5"},
  {"type":"Punctuation","value":")])"},
  {"type":"Text","value":"\n        "},
  {"type":"Punctuation","value":"("},
  {"type":"Keyword","value":"abs "},
  {"type":"Name","value":"a"},
  {"type":"Text","value":" "},
  {"type":"Punctuation","value":"("},
  {"type":"Keyword","value":"type"},
  {"type":"Punctuation","value":")"},
  {"type":"Text","value":" "},
  {"type":"Punctuation","value":"("},
  {"type":"Keyword","value":"lam "},
  {"type":"Name","value":"x"},
  {"type":"Text","value":" "},
  {"type":"Name","value":"a"},
  {"type":"Text","value":" "},
  {"type":"Name","value":"x"},
  {"type":"Punctuation","value":"))"},
  {"type":"Text","value":"\n    "},
  {"type":"Punctuation","value":"]"},
  {"type":"Text","value":"\n"},
  {"type":"Punctuation","value":")"},
  {"type":"Text","value":"\n"}
]
