[
  {"type":"KeywordNamespace","value":"package"},
  {"type":"TextWhitespace","value":" "},
  {"type":"NameOther","value":"views"},
  {"type":"TextWhitespace","value":"\n\n"},
  {"type":"KeywordNamespace","value":"import"},
  {"type":"TextWhitespace","value":" "},
  {"type":"LiteralString","value":"\"fmt\""},
  {"type":"TextWhitespace","value":"\n\n"},
  {"type":"KeywordDeclaration","value":"templ"},
  {"type":"TextWhitespace","value":" "},
  {"type":"NameFunction","value":"UserCard"},
  {"type":"Punctuation","value":"("},
  {"type":"NameOther","value":"name"},
  {"type":"TextWhitespace","value":" "},
  {"type":"KeywordType","value":"string"},
  {"type":"Punctuation","value":","},
  {"type":"TextWhitespace","value":" "},
  {"type":"NameOther","value":"count"},
  {"type":"TextWhitespace","value":" "},
  {"type":"KeywordType","value":"int"},
  {"type":"Punctuation","value":")"},
  {"type":"TextWhitespace","value":" "},
  {"type":"Punctuation","value":"{"},
  {"type":"TextWhitespace","value":"\n\t"},
  {"type":"Punctuation","value":"\u003c"},
  {"type":"NameTag","value":"section"},
  {"type":"Text","value":" "},
  {"type":"NameAttribute","value":"class"},
  {"type":"Operator","value":"="},
  {"type":"LiteralString","value":"\"card\""},
  {"type":"Text","value":" "},
  {"type":"NameAttribute","value":"data-count"},
  {"type":"Operator","value":"="},
  {"type":"Punctuation","value":"{"},
  {"type":"TextWhitespace","value":" "},
  {"type":"NameOther","value":"count"},
  {"type":"TextWhitespace","value":" "},
  {"type":"Punctuation","value":"}\u003e"},
  {"type":"TextWhitespace","value":"\n\t\t"},
  {"type":"Punctuation","value":"\u003c"},
  {"type":"NameTag","value":"h1"},
  {"type":"Punctuation","value":"\u003e{"},
  {"type":"TextWhitespace","value":" "},
  {"type":"NameOther","value":"name"},
  {"type":"TextWhitespace","value":" "},
  {"type":"Punctuation","value":"}\u003c/"},
  {"type":"NameTag","value":"h1"},
  {"type":"Punctuation","value":"\u003e"},
  {"type":"TextWhitespace","value":"\n\t\t"},
  {"type":"Punctuation","value":"\u003c"},
  {"type":"NameTag","value":"p"},
  {"type":"Punctuation","value":"\u003e{"},
  {"type":"TextWhitespace","value":" "},
  {"type":"NameOther","value":"fmt"},
  {"type":"Punctuation","value":"."},
  {"type":"NameFunction","value":"Sprintf"},
  {"type":"Punctuation","value":"("},
  {"type":"LiteralString","value":"\"Count: %d\""},
  {"type":"Punctuation","value":","},
  {"type":"TextWhitespace","value":" "},
  {"type":"NameOther","value":"count"},
  {"type":"Punctuation","value":")"},
  {"type":"TextWhitespace","value":" "},
  {"type":"Punctuation","value":"}\u003c/"},
  {"type":"NameTag","value":"p"},
  {"type":"Punctuation","value":"\u003e"},
  {"type":"TextWhitespace","value":"\n\t\t"},
  {"type":"Keyword","value":"if"},
  {"type":"TextWhitespace","value":" "},
  {"type":"NameOther","value":"count"},
  {"type":"TextWhitespace","value":" "},
  {"type":"Punctuation","value":"\u003e"},
  {"type":"TextWhitespace","value":" "},
  {"type":"LiteralNumberInteger","value":"0"},
  {"type":"TextWhitespace","value":" "},
  {"type":"Punctuation","value":"{"},
  {"type":"TextWhitespace","value":"\n\t\t\t"},
  {"type":"Punctuation","value":"\u003c"},
  {"type":"NameTag","value":"ul"},
  {"type":"Punctuation","value":"\u003e"},
  {"type":"TextWhitespace","value":"\n\t\t\t\t"},
  {"type":"Punctuation","value":"\u003c"},
  {"type":"NameTag","value":"li"},
  {"type":"Punctuation","value":"\u003e"},
  {"type":"Text","value":"active"},
  {"type":"Punctuation","value":"\u003c/"},
  {"type":"NameTag","value":"li"},
  {"type":"Punctuation","value":"\u003e"},
  {"type":"TextWhitespace","value":"\n\t\t\t"},
  {"type":"Punctuation","value":"\u003c/"},
  {"type":"NameTag","value":"ul"},
  {"type":"Punctuation","value":"\u003e"},
  {"type":"TextWhitespace","value":"\n\t\t"},
  {"type":"Punctuation","value":"}"},
  {"type":"TextWhitespace","value":" "},
  {"type":"Keyword","value":"else"},
  {"type":"TextWhitespace","value":" "},
  {"type":"Punctuation","value":"{"},
  {"type":"TextWhitespace","value":"\n\t\t\t"},
  {"type":"Punctuation","value":"\u003c"},
  {"type":"NameTag","value":"p"},
  {"type":"Punctuation","value":"\u003e"},
  {"type":"Text","value":"inactive"},
  {"type":"Punctuation","value":"\u003c/"},
  {"type":"NameTag","value":"p"},
  {"type":"Punctuation","value":"\u003e"},
  {"type":"TextWhitespace","value":"\n\t\t"},
  {"type":"Punctuation","value":"}"},
  {"type":"TextWhitespace","value":"\n\t\t"},
  {"type":"Punctuation","value":"@"},
  {"type":"NameFunction","value":"Button"},
  {"type":"Punctuation","value":"("},
  {"type":"LiteralString","value":"\"Save\""},
  {"type":"Punctuation","value":")"},
  {"type":"TextWhitespace","value":"\n\t"},
  {"type":"Punctuation","value":"\u003c/"},
  {"type":"NameTag","value":"section"},
  {"type":"Punctuation","value":"\u003e"},
  {"type":"TextWhitespace","value":"\n"},
  {"type":"Punctuation","value":"}"},
  {"type":"TextWhitespace","value":"\n"}
]
