[
  {"type":"KeywordDeclaration","value":"resource"},
  {"type":"TextWhitespace","value":" "},
  {"type":"NameVariable","value":"sa"},
  {"type":"TextWhitespace","value":" "},
  {"type":"LiteralString","value":"'Microsoft.Storage/storageAccounts@2019-06-01'"},
  {"type":"TextWhitespace","value":" "},
  {"type":"Punctuation","value":"="},
  {"type":"TextWhitespace","value":" "},
  {"type":"KeywordDeclaration","value":"if"},
  {"type":"TextWhitespace","value":" "},
  {"type":"Punctuation","value":"("},
  {"type":"NameVariable","value":"newOrExisting"},
  {"type":"TextWhitespace","value":" "},
  {"type":"Operator","value":"=="},
  {"type":"TextWhitespace","value":" "},
  {"type":"LiteralString","value":"'new'"},
  {"type":"Punctuation","value":")"},
  {"type":"TextWhitespace","value":" "},
  {"type":"Punctuation","value":"{"},
  {"type":"TextWhitespace","value":"\n  "},
  {"type":"NameVariable","value":"name"},
  {"type":"Punctuation","value":":"},
  {"type":"TextWhitespace","value":" "},
  {"type":"NameVariable","value":"uniqueStorageName"},
  {"type":"TextWhitespace","value":"\n  "},
  {"type":"NameVariable","value":"location"},
  {"type":"Punctuation","value":":"},
  {"type":"TextWhitespace","value":" "},
  {"type":"NameVariable","value":"location"},
  {"type":"TextWhitespace","value":"\n  "},
  {"type":"NameVariable","value":"sku"},
  {"type":"Punctuation","value":":"},
  {"type":"TextWhitespace","value":" "},
  {"type":"Punctuation","value":"{"},
  {"type":"TextWhitespace","value":"\n    "},
  {"type":"NameVariable","value":"name"},
  {"type":"Punctuation","value":":"},
  {"type":"TextWhitespace","value":" "},
  {"type":"NameVariable","value":"storageSKU"},
  {"type":"TextWhitespace","value":"\n  "},
  {"type":"Punctuation","value":"}"},
  {"type":"TextWhitespace","value":"\n  "},
  {"type":"NameVariable","value":"kind"},
  {"type":"Punctuation","value":":"},
  {"type":"TextWhitespace","value":" "},
  {"type":"LiteralString","value":"'StorageV2'"},
  {"type":"TextWhitespace","value":"\n  "},
  {"type":"NameVariable","value":"properties"},
  {"type":"Punctuation","value":":"},
  {"type":"TextWhitespace","value":" "},
  {"type":"Punctuation","value":"{"},
  {"type":"TextWhitespace","value":"\n    "},
  {"type":"NameVariable","value":"supportsHttpsTrafficOnly"},
  {"type":"Punctuation","value":":"},
  {"type":"TextWhitespace","value":" "},
  {"type":"KeywordConstant","value":"true"},
  {"type":"TextWhitespace","value":"\n  "},
  {"type":"Punctuation","value":"}"},
  {"type":"TextWhitespace","value":"\n"},
  {"type":"Punctuation","value":"}"}
]
